Archive member included to satisfy reference by file (symbol)

c:/st/stm32cubeide_1.5.1/stm32cubeide/plugins/com.st.stm32cube.ide.mcu.externaltools.gnu-tools-for-stm32.9-2020-q2-update.win32_1.5.0.202011040924/tools/bin/../lib/gcc/arm-none-eabi/9.3.1/../../../../arm-none-eabi/lib/thumb/v7e-m+dp/hard\libstdc++_nano.a(pure.o)
                              Core/Src/common/base_classes/CurrentSense.o (__cxa_pure_virtual)
c:/st/stm32cubeide_1.5.1/stm32cubeide/plugins/com.st.stm32cube.ide.mcu.externaltools.gnu-tools-for-stm32.9-2020-q2-update.win32_1.5.0.202011040924/tools/bin/../lib/gcc/arm-none-eabi/9.3.1/../../../../arm-none-eabi/lib/thumb/v7e-m+dp/hard\libstdc++_nano.a(eh_terminate.o)
                              c:/st/stm32cubeide_1.5.1/stm32cubeide/plugins/com.st.stm32cube.ide.mcu.externaltools.gnu-tools-for-stm32.9-2020-q2-update.win32_1.5.0.202011040924/tools/bin/../lib/gcc/arm-none-eabi/9.3.1/../../../../arm-none-eabi/lib/thumb/v7e-m+dp/hard\libstdc++_nano.a(pure.o) (std::terminate())
c:/st/stm32cubeide_1.5.1/stm32cubeide/plugins/com.st.stm32cube.ide.mcu.externaltools.gnu-tools-for-stm32.9-2020-q2-update.win32_1.5.0.202011040924/tools/bin/../lib/gcc/arm-none-eabi/9.3.1/../../../../arm-none-eabi/lib/thumb/v7e-m+dp/hard\libstdc++_nano.a(eh_unex_handler.o)
                              c:/st/stm32cubeide_1.5.1/stm32cubeide/plugins/com.st.stm32cube.ide.mcu.externaltools.gnu-tools-for-stm32.9-2020-q2-update.win32_1.5.0.202011040924/tools/bin/../lib/gcc/arm-none-eabi/9.3.1/../../../../arm-none-eabi/lib/thumb/v7e-m+dp/hard\libstdc++_nano.a(eh_terminate.o) (__cxxabiv1::__unexpected_handler)
c:/st/stm32cubeide_1.5.1/stm32cubeide/plugins/com.st.stm32cube.ide.mcu.externaltools.gnu-tools-for-stm32.9-2020-q2-update.win32_1.5.0.202011040924/tools/bin/../lib/gcc/arm-none-eabi/9.3.1/../../../../arm-none-eabi/lib/thumb/v7e-m+dp/hard\libstdc++_nano.a(eh_term_handler.o)
                              c:/st/stm32cubeide_1.5.1/stm32cubeide/plugins/com.st.stm32cube.ide.mcu.externaltools.gnu-tools-for-stm32.9-2020-q2-update.win32_1.5.0.202011040924/tools/bin/../lib/gcc/arm-none-eabi/9.3.1/../../../../arm-none-eabi/lib/thumb/v7e-m+dp/hard\libstdc++_nano.a(eh_terminate.o) (__cxxabiv1::__terminate_handler)
c:/st/stm32cubeide_1.5.1/stm32cubeide/plugins/com.st.stm32cube.ide.mcu.externaltools.gnu-tools-for-stm32.9-2020-q2-update.win32_1.5.0.202011040924/tools/bin/../lib/gcc/arm-none-eabi/9.3.1/../../../../arm-none-eabi/lib/thumb/v7e-m+dp/hard\libm.a(lib_a-s_floor.o)
                              Core/Src/BLDCMotor.o (floor)
c:/st/stm32cubeide_1.5.1/stm32cubeide/plugins/com.st.stm32cube.ide.mcu.externaltools.gnu-tools-for-stm32.9-2020-q2-update.win32_1.5.0.202011040924/tools/bin/../lib/gcc/arm-none-eabi/9.3.1/../../../../arm-none-eabi/lib/thumb/v7e-m+dp/hard\libm.a(lib_a-s_round.o)
                              Core/Src/sensors/Encoder.o (round)
c:/st/stm32cubeide_1.5.1/stm32cubeide/plugins/com.st.stm32cube.ide.mcu.externaltools.gnu-tools-for-stm32.9-2020-q2-update.win32_1.5.0.202011040924/tools/bin/../lib/gcc/arm-none-eabi/9.3.1/../../../../arm-none-eabi/lib/thumb/v7e-m+dp/hard\libm.a(lib_a-w_fmod.o)
                              Core/Src/common/foc_utils.o (fmod)
c:/st/stm32cubeide_1.5.1/stm32cubeide/plugins/com.st.stm32cube.ide.mcu.externaltools.gnu-tools-for-stm32.9-2020-q2-update.win32_1.5.0.202011040924/tools/bin/../lib/gcc/arm-none-eabi/9.3.1/../../../../arm-none-eabi/lib/thumb/v7e-m+dp/hard\libm.a(lib_a-wf_atan2.o)
                              Core/Src/BLDCMotor.o (atan2f)
c:/st/stm32cubeide_1.5.1/stm32cubeide/plugins/com.st.stm32cube.ide.mcu.externaltools.gnu-tools-for-stm32.9-2020-q2-update.win32_1.5.0.202011040924/tools/bin/../lib/gcc/arm-none-eabi/9.3.1/../../../../arm-none-eabi/lib/thumb/v7e-m+dp/hard\libm.a(lib_a-e_fmod.o)
                              c:/st/stm32cubeide_1.5.1/stm32cubeide/plugins/com.st.stm32cube.ide.mcu.externaltools.gnu-tools-for-stm32.9-2020-q2-update.win32_1.5.0.202011040924/tools/bin/../lib/gcc/arm-none-eabi/9.3.1/../../../../arm-none-eabi/lib/thumb/v7e-m+dp/hard\libm.a(lib_a-w_fmod.o) (__ieee754_fmod)
c:/st/stm32cubeide_1.5.1/stm32cubeide/plugins/com.st.stm32cube.ide.mcu.externaltools.gnu-tools-for-stm32.9-2020-q2-update.win32_1.5.0.202011040924/tools/bin/../lib/gcc/arm-none-eabi/9.3.1/../../../../arm-none-eabi/lib/thumb/v7e-m+dp/hard\libm.a(lib_a-ef_atan2.o)
                              c:/st/stm32cubeide_1.5.1/stm32cubeide/plugins/com.st.stm32cube.ide.mcu.externaltools.gnu-tools-for-stm32.9-2020-q2-update.win32_1.5.0.202011040924/tools/bin/../lib/gcc/arm-none-eabi/9.3.1/../../../../arm-none-eabi/lib/thumb/v7e-m+dp/hard\libm.a(lib_a-wf_atan2.o) (__ieee754_atan2f)
c:/st/stm32cubeide_1.5.1/stm32cubeide/plugins/com.st.stm32cube.ide.mcu.externaltools.gnu-tools-for-stm32.9-2020-q2-update.win32_1.5.0.202011040924/tools/bin/../lib/gcc/arm-none-eabi/9.3.1/../../../../arm-none-eabi/lib/thumb/v7e-m+dp/hard\libm.a(lib_a-s_lib_ver.o)
[...]
Memory Configuration

Name             Origin             Length             Attributes
DTCMRAM          0x0000000020000000 0x0000000000020000 xrw
ITCMRAM          0x0000000000000000 0x0000000000010000 xrw
RAM_D1           0x0000000024000000 0x0000000000080000 xrw
RAM_D2           0x0000000030000000 0x0000000000048000 xrw
RAM_D3           0x0000000038000000 0x0000000000010000 xrw
FLASH            0x0000000008000000 0x0000000000200000 xr
*default*        0x0000000000000000 0xffffffffffffffff

Linker script and memory map

LOAD c:/st/stm32cubeide_1.5.1/stm32cubeide/plugins/com.st.stm32cube.ide.mcu.externaltools.gnu-tools-for-stm32.9-2020-q2-update.win32_1.5.0.202011040924/tools/bin/../lib/gcc/arm-none-eabi/9.3.1/thumb/v7e-m+dp/hard/crti.o
LOAD c:/st/stm32cubeide_1.5.1/stm32cubeide/plugins/com.st.stm32cube.ide.mcu.externaltools.gnu-tools-for-stm32.9-2020-q2-update.win32_1.5.0.202011040924/tools/bin/../lib/gcc/arm-none-eabi/9.3.1/thumb/v7e-m+dp/hard/crtbegin.o
LOAD c:/st/stm32cubeide_1.5.1/stm32cubeide/plugins/com.st.stm32cube.ide.mcu.externaltools.gnu-tools-for-stm32.9-2020-q2-update.win32_1.5.0.202011040924/tools/bin/../lib/gcc/arm-none-eabi/9.3.1/../../../../arm-none-eabi/lib/thumb/v7e-m+dp/hard/crt0.o
LOAD Core/Src/BLDCMotor.o
LOAD Core/Src/main.o
LOAD Core/Src/stm32h7xx_hal_msp.o
LOAD Core/Src/stm32h7xx_it.o
LOAD Core/Src/syscalls.o
LOAD Core/Src/sysmem.o
LOAD Core/Src/system_stm32h7xx.o
LOAD Core/Src/common/base_classes/CurrentSense.o
LOAD Core/Src/common/base_classes/FOCMotor.o
LOAD Core/Src/common/base_classes/Sensor.o
LOAD Core/Src/common/foc_utils.o
LOAD Core/Src/common/lowpass_filter.o
LOAD Core/Src/common/pid.o
LOAD Core/Src/common/time_utils.o
LOAD Core/Src/current_sense/InlineCurrentSense.o
LOAD Core/Src/current_sense/hardware_api.o
LOAD Core/Src/motor_drivers/BLDCDriver3PWM.o
LOAD Core/Src/sensors/Encoder.o
LOAD Core/Startup/startup_stm32h743zitx.o
LOAD Drivers/STM32H7xx_HAL_Driver/Src/stm32h7xx_hal.o
LOAD Drivers/STM32H7xx_HAL_Driver/Src/stm32h7xx_hal_adc.o
LOAD Drivers/STM32H7xx_HAL_Driver/Src/stm32h7xx_hal_adc_ex.o
LOAD Drivers/STM32H7xx_HAL_Driver/Src/stm32h7xx_hal_cortex.o
LOAD Drivers/STM32H7xx_HAL_Driver/Src/stm32h7xx_hal_dma.o
LOAD Drivers/STM32H7xx_HAL_Driver/Src/stm32h7xx_hal_dma_ex.o
LOAD Drivers/STM32H7xx_HAL_Driver/Src/stm32h7xx_hal_exti.o
LOAD Drivers/STM32H7xx_HAL_Driver/Src/stm32h7xx_hal_flash.o
LOAD Drivers/STM32H7xx_HAL_Driver/Src/stm32h7xx_hal_flash_ex.o
LOAD Drivers/STM32H7xx_HAL_Driver/Src/stm32h7xx_hal_gpio.o
LOAD Drivers/STM32H7xx_HAL_Driver/Src/stm32h7xx_hal_hsem.o
LOAD Drivers/STM32H7xx_HAL_Driver/Src/stm32h7xx_hal_i2c.o
LOAD Drivers/STM32H7xx_HAL_Driver/Src/stm32h7xx_hal_i2c_ex.o
LOAD Drivers/STM32H7xx_HAL_Driver/Src/stm32h7xx_hal_mdma.o
LOAD Drivers/STM32H7xx_HAL_Driver/Src/stm32h7xx_hal_pwr.o
LOAD Drivers/STM32H7xx_HAL_Driver/Src/stm32h7xx_hal_pwr_ex.o
LOAD Drivers/STM32H7xx_HAL_Driver/Src/stm32h7xx_hal_rcc.o
LOAD Drivers/STM32H7xx_HAL_Driver/Src/stm32h7xx_hal_rcc_ex.o
LOAD Drivers/STM32H7xx_HAL_Driver/Src/stm32h7xx_hal_tim.o
LOAD Drivers/STM32H7xx_HAL_Driver/Src/stm32h7xx_hal_tim_ex.o
START GROUP
LOAD c:/st/stm32cubeide_1.5.1/stm32cubeide/plugins/com.st.stm32cube.ide.mcu.externaltools.gnu-tools-for-stm32.9-2020-q2-update.win32_1.5.0.202011040924/tools/bin/../lib/gcc/arm-none-eabi/9.3.1/../../../../arm-none-eabi/lib/thumb/v7e-m+dp/hard\libstdc++_nano.a
LOAD c:/st/stm32cubeide_1.5.1/stm32cubeide/plugins/com.st.stm32cube.ide.mcu.externaltools.gnu-tools-for-stm32.9-2020-q2-update.win32_1.5.0.202011040924/tools/bin/../lib/gcc/arm-none-eabi/9.3.1/../../../../arm-none-eabi/lib/thumb/v7e-m+dp/hard\libsupc++_nano.a
END GROUP
LOAD c:/st/stm32cubeide_1.5.1/stm32cubeide/plugins/com.st.stm32cube.ide.mcu.externaltools.gnu-tools-for-stm32.9-2020-q2-update.win32_1.5.0.202011040924/tools/bin/../lib/gcc/arm-none-eabi/9.3.1/../../../../arm-none-eabi/lib/thumb/v7e-m+dp/hard\libstdc++_nano.a
LOAD c:/st/stm32cubeide_1.5.1/stm32cubeide/plugins/com.st.stm32cube.ide.mcu.externaltools.gnu-tools-for-stm32.9-2020-q2-update.win32_1.5.0.202011040924/tools/bin/../lib/gcc/arm-none-eabi/9.3.1/../../../../arm-none-eabi/lib/thumb/v7e-m+dp/hard\libm.a
LOAD c:/st/stm32cubeide_1.5.1/stm32cubeide/plugins/com.st.stm32cube.ide.mcu.externaltools.gnu-tools-for-stm32.9-2020-q2-update.win32_1.5.0.202011040924/tools/bin/../lib/gcc/arm-none-eabi/9.3.1/../../../../arm-none-eabi/lib/thumb/v7e-m+dp/hard\libc_nano.a
START GROUP
LOAD c:/st/stm32cubeide_1.5.1/stm32cubeide/plugins/com.st.stm32cube.ide.mcu.externaltools.gnu-tools-for-stm32.9-2020-q2-update.win32_1.5.0.202011040924/tools/bin/../lib/gcc/arm-none-eabi/9.3.1/thumb/v7e-m+dp/hard\libgcc.a
LOAD c:/st/stm32cubeide_1.5.1/stm32cubeide/plugins/com.st.stm32cube.ide.mcu.externaltools.gnu-tools-for-stm32.9-2020-q2-update.win32_1.5.0.202011040924/tools/bin/../lib/gcc/arm-none-eabi/9.3.1/../../../../arm-none-eabi/lib/thumb/v7e-m+dp/hard\libc_nano.a
END GROUP
START GROUP
LOAD c:/st/stm32cubeide_1.5.1/stm32cubeide/plugins/com.st.stm32cube.ide.mcu.externaltools.gnu-tools-for-stm32.9-2020-q2-update.win32_1.5.0.202011040924/tools/bin/../lib/gcc/arm-none-eabi/9.3.1/thumb/v7e-m+dp/hard\libgcc.a
LOAD c:/st/stm32cubeide_1.5.1/stm32cubeide/plugins/com.st.stm32cube.ide.mcu.externaltools.gnu-tools-for-stm32.9-2020-q2-update.win32_1.5.0.202011040924/tools/bin/../lib/gcc/arm-none-eabi/9.3.1/../../../../arm-none-eabi/lib/thumb/v7e-m+dp/hard\libc_nano.a
END GROUP
LOAD c:/st/stm32cubeide_1.5.1/stm32cubeide/plugins/com.st.stm32cube.ide.mcu.externaltools.gnu-tools-for-stm32.9-2020-q2-update.win32_1.5.0.202011040924/tools/bin/../lib/gcc/arm-none-eabi/9.3.1/thumb/v7e-m+dp/hard/crtend.o
LOAD c:/st/stm32cubeide_1.5.1/stm32cubeide/plugins/com.st.stm32cube.ide.mcu.externaltools.gnu-tools-for-stm32.9-2020-q2-update.win32_1.5.0.202011040924/tools/bin/../lib/gcc/arm-none-eabi/9.3.1/thumb/v7e-m+dp/hard/crtn.o
                0x0000000024080000                _estack = (ORIGIN (RAM_D1) + LENGTH (RAM_D1))
                0x0000000000000200                _Min_Heap_Size = 0x200
                0x0000000000000400                _Min_Stack_Size = 0x400

.isr_vector     0x0000000008000000      0x298
                0x0000000008000000                . = ALIGN (0x4)
 *(.isr_vector)
 .isr_vector    0x0000000008000000      0x298 Core/Startup/startup_stm32h743zitx.o
                0x0000000008000000                g_pfnVectors
                0x0000000008000298                . = ALIGN (0x4)

.text           0x0000000008000298     0xad94
                0x0000000008000298                . = ALIGN (0x4)
 *(.text)
 .text          0x0000000008000298       0x40 c:/st/stm32cubeide_1.5.1/stm32cubeide/plugins/com.st.stm32cube.ide.mcu.externaltools.gnu-tools-for-stm32.9-2020-q2-update.win32_1.5.0.202011040924/tools/bin/../lib/gcc/arm-none-eabi/9.3.1/thumb/v7e-m+dp/hard/crtbegin.o
 *(.text*)
 .text._ZSt3absf
                0x00000000080002d8       0x20 Core/Src/BLDCMotor.o
                0x00000000080002d8                std::abs(float)
 .text._ZSt5atan2ff
                0x00000000080002f8       0x28 Core/Src/BLDCMotor.o
                0x00000000080002f8                std::atan2(float, float)
 .text._ZSt4fabsf
                0x0000000008000320       0x20 Core/Src/BLDCMotor.o
                0x0000000008000320                std::fabs(float)
 .text._ZSt4fminff
                0x0000000008000340       0x28 Core/Src/BLDCMotor.o
                0x0000000008000340                std::fmin(float, float)
 .text._ZN9BLDCMotorC2Eif
                0x0000000008000368       0x48 Core/Src/BLDCMotor.o
                0x0000000008000368                BLDCMotor::BLDCMotor(int, float)
                0x0000000008000368                BLDCMotor::BLDCMotor(int, float)
 .text._ZN9BLDCMotor10linkDriverEP10BLDCDriver
                0x00000000080003b0       0x1e Core/Src/BLDCMotor.o
                0x00000000080003b0                BLDCMotor::linkDriver(BLDCDriver*)
 *fill*         0x00000000080003ce        0x2 
 .text._ZN9BLDCMotor4initEv
                0x00000000080003d0      0x104 Core/Src/BLDCMotor.o
                0x00000000080003d0                BLDCMotor::init()
 .text._ZN9BLDCMotor7disableEv
                0x00000000080004d4       0x54 Core/Src/BLDCMotor.o
                0x00000000080004d4                BLDCMotor::disable()
 .text._ZN9BLDCMotor6enableEv
                0x0000000008000528       0x54 Core/Src/BLDCMotor.o
                0x0000000008000528                BLDCMotor::enable()
 .text._ZN9BLDCMotor7initFOCEf9Direction
                0x000000000800057c       0xcc Core/Src/BLDCMotor.o
                0x000000000800057c                BLDCMotor::initFOC(float, Direction)
 .text._ZN9BLDCMotor17alignCurrentSenseEv
                0x0000000008000648       0x50 Core/Src/BLDCMotor.o
                0x0000000008000648                BLDCMotor::alignCurrentSense()
 .text._ZN9BLDCMotor11alignSensorEv
                0x0000000008000698      0x298 Core/Src/BLDCMotor.o
                0x0000000008000698                BLDCMotor::alignSensor()
 .text._ZN9BLDCMotor18absoluteZeroSearchEv
                0x0000000008000930       0xe8 Core/Src/BLDCMotor.o
                0x0000000008000930                BLDCMotor::absoluteZeroSearch()
 .text._ZN9BLDCMotor22antiCoggingCalibrationEv
                0x0000000008000a18      0x1bc Core/Src/BLDCMotor.o
                0x0000000008000a18                BLDCMotor::antiCoggingCalibration()
 .text._ZN9BLDCMotor7loopFOCEv
                0x0000000008000bd4      0x23e Core/Src/BLDCMotor.o
                0x0000000008000bd4                BLDCMotor::loopFOC()
 *fill*         0x0000000008000e12        0x2 
 .text._ZN9BLDCMotor4moveEf
                0x0000000008000e14      0x270 Core/Src/BLDCMotor.o
                0x0000000008000e14                BLDCMotor::move(float)
 *fill*         0x0000000008001084        0x4 
 .text._ZN9BLDCMotor15setPhaseVoltageEfff
                0x0000000008001088      0x5f4 Core/Src/BLDCMotor.o
                0x0000000008001088                BLDCMotor::setPhaseVoltage(float, float, float)
 *fill*         0x000000000800167c        0x4 
 .text._ZN9BLDCMotor16velocityOpenloopEf
                0x0000000008001680      0x10c Core/Src/BLDCMotor.o
                0x0000000008001680                BLDCMotor::velocityOpenloop(float)
 *fill*         0x000000000800178c        0x4 
 .text._ZN9BLDCMotor13angleOpenloopEf
                0x0000000008001790      0x1b4 Core/Src/BLDCMotor.o
                0x0000000008001790                BLDCMotor::angleOpenloop(float)
 .text._writeDutyCycle3PWM
                0x0000000008001944       0x90 Core/Src/main.o
                0x0000000008001944                _writeDutyCycle3PWM
 .text._readADCVoltage_pinA
                0x00000000080019d4       0x40 Core/Src/main.o
                0x00000000080019d4                _readADCVoltage_pinA
 .text._readADCVoltage_pinB
                0x0000000008001a14       0x40 Core/Src/main.o
                0x0000000008001a14                _readADCVoltage_pinB
 *fill*         0x0000000008001a54        0x4 
 .text._calibrate_phaseA
                0x0000000008001a58       0x84 Core/Src/main.o
                0x0000000008001a58                _calibrate_phaseA
 .text._calibrate_phaseB
                0x0000000008001adc       0x7c Core/Src/main.o
                0x0000000008001adc                _calibrate_phaseB
 .text.main     0x0000000008001b58      0x194 Core/Src/main.o
                0x0000000008001b58                main
 .text._Z18SystemClock_Configv
                0x0000000008001cec      0x1e0 Core/Src/main.o
                0x0000000008001cec                SystemClock_Config()
 .text._ZL12MX_ADC1_Initv
                0x0000000008001ecc      0x110 Core/Src/main.o
 .text._ZL12MX_ADC3_Initv
                0x0000000008001fdc       0xe0 Core/Src/main.o
 .text._ZL12MX_TIM1_Initv
                0x00000000080020bc      0x18c Core/Src/main.o
 .text._ZL12MX_GPIO_Initv
                0x0000000008002248      0x228 Core/Src/main.o
 .text.HAL_GPIO_EXTI_Callback
                0x0000000008002470       0x40 Core/Src/main.o
                0x0000000008002470                HAL_GPIO_EXTI_Callback
 .text.Error_Handler
                0x00000000080024b0        0xa Core/Src/main.o
                0x00000000080024b0                Error_Handler
 *fill*         0x00000000080024ba        0x2 
 .text._Z41__static_initialization_and_destruction_0ii
                0x00000000080024bc       0x88 Core/Src/main.o
 .text._GLOBAL__sub_I_hadc1
                0x0000000008002544       0x10 Core/Src/main.o
 .text.HAL_MspInit
                0x0000000008002554       0x34 Core/Src/stm32h7xx_hal_msp.o
                0x0000000008002554                HAL_MspInit
 .text.HAL_ADC_MspInit
                0x0000000008002588       0xe4 Core/Src/stm32h7xx_hal_msp.o
                0x0000000008002588                HAL_ADC_MspInit
 .text.HAL_TIM_PWM_MspInit
                0x000000000800266c       0x74 Core/Src/stm32h7xx_hal_msp.o
                0x000000000800266c                HAL_TIM_PWM_MspInit
 .text.HAL_TIM_MspPostInit
                0x00000000080026e0       0xb4 Core/Src/stm32h7xx_hal_msp.o
                0x00000000080026e0                HAL_TIM_MspPostInit
 .text.NMI_Handler
                0x0000000008002794        0x6 Core/Src/stm32h7xx_it.o
                0x0000000008002794                NMI_Handler
 .text.HardFault_Handler
                0x000000000800279a        0x6 Core/Src/stm32h7xx_it.o
                0x000000000800279a                HardFault_Handler
 .text.MemManage_Handler
                0x00000000080027a0        0x6 Core/Src/stm32h7xx_it.o
                0x00000000080027a0                MemManage_Handler
 .text.BusFault_Handler
                0x00000000080027a6        0x6 Core/Src/stm32h7xx_it.o
                0x00000000080027a6                BusFault_Handler
 .text.UsageFault_Handler
                0x00000000080027ac        0x6 Core/Src/stm32h7xx_it.o
                0x00000000080027ac                UsageFault_Handler
 .text.SVC_Handler
                0x00000000080027b2        0xe Core/Src/stm32h7xx_it.o
                0x00000000080027b2                SVC_Handler
 .text.DebugMon_Handler
                0x00000000080027c0        0xe Core/Src/stm32h7xx_it.o
                0x00000000080027c0                DebugMon_Handler
 .text.PendSV_Handler
                0x00000000080027ce        0xe Core/Src/stm32h7xx_it.o
                0x00000000080027ce                PendSV_Handler
 .text.SysTick_Handler
                0x00000000080027dc        0xc Core/Src/stm32h7xx_it.o
                0x00000000080027dc                SysTick_Handler
 .text.EXTI15_10_IRQHandler
                0x00000000080027e8       0x18 Core/Src/stm32h7xx_it.o
                0x00000000080027e8                EXTI15_10_IRQHandler
 .text.EXTI9_5_IRQHandler
                0x0000000008002800        0xe Core/Src/stm32h7xx_it.o
                0x0000000008002800                EXTI9_5_IRQHandler
 .text._getpid  0x000000000800280e       0x10 Core/Src/syscalls.o
                0x000000000800280e                _getpid
 .text._kill    0x000000000800281e       0x20 Core/Src/syscalls.o
                0x000000000800281e                _kill
 .text._exit    0x000000000800283e       0x14 Core/Src/syscalls.o
                0x000000000800283e                _exit
 *fill*         0x0000000008002852        0x2 
 .text.SystemInit
                0x0000000008002854      0x118 Core/Src/system_stm32h7xx.o
                0x0000000008002854                SystemInit
 *fill*         0x000000000800296c        0x4 
 .text._ZN12CurrentSense12getDCCurrentEf
                0x0000000008002970      0x15c Core/Src/common/base_classes/CurrentSense.o
                0x0000000008002970                CurrentSense::getDCCurrent(float)
 *fill*         0x0000000008002acc        0x4 
 .text._ZN12CurrentSense14getFOCCurrentsEf
                0x0000000008002ad0      0x158 Core/Src/common/base_classes/CurrentSense.o
                0x0000000008002ad0                CurrentSense::getFOCCurrents(float)
 .text._ZN8FOCMotorC2Ev
                0x0000000008002c28      0x1a0 Core/Src/common/base_classes/FOCMotor.o
                0x0000000008002c28                FOCMotor::FOCMotor()
                0x0000000008002c28                FOCMotor::FOCMotor()
 .text._ZN8FOCMotor10linkSensorEP6Sensor
                0x0000000008002dc8       0x1e Core/Src/common/base_classes/FOCMotor.o
                0x0000000008002dc8                FOCMotor::linkSensor(Sensor*)
 .text._ZN8FOCMotor16linkCurrentSenseEP12CurrentSense
                0x0000000008002de6       0x1e Core/Src/common/base_classes/FOCMotor.o
                0x0000000008002de6                FOCMotor::linkCurrentSense(CurrentSense*)
 .text._ZN8FOCMotor10shaftAngleEv
                0x0000000008002e04       0x74 Core/Src/common/base_classes/FOCMotor.o
                0x0000000008002e04                FOCMotor::shaftAngle()
 .text._ZN8FOCMotor13shaftVelocityEv
                0x0000000008002e78       0x6c Core/Src/common/base_classes/FOCMotor.o
                0x0000000008002e78                FOCMotor::shaftVelocity()
 .text._ZN8FOCMotor15electricalAngleEv
                0x0000000008002ee4       0x48 Core/Src/common/base_classes/FOCMotor.o
                0x0000000008002ee4                FOCMotor::electricalAngle()
 .text._ZN6Sensor11needsSearchEv
                0x0000000008002f2c       0x16 Core/Src/common/base_classes/Sensor.o
                0x0000000008002f2c                Sensor::needsSearch()
 *fill*         0x0000000008002f42        0x6 
 .text._ZN6Sensor11getVelocityEv
                0x0000000008002f48       0xa4 Core/Src/common/base_classes/Sensor.o
                0x0000000008002f48                Sensor::getVelocity()
 .text._ZN6Sensor8setAngleEf
                0x0000000008002fec       0x1e Core/Src/common/base_classes/Sensor.o
                0x0000000008002fec                Sensor::setAngle(float)
 *fill*         0x000000000800300a        0x6 
 .text._Z4_sinf
                0x0000000008003010      0x284 Core/Src/common/foc_utils.o
                0x0000000008003010                _sin(float)
 *fill*         0x0000000008003294        0x4 
 .text._Z4_cosf
                0x0000000008003298       0x80 Core/Src/common/foc_utils.o
                0x0000000008003298                _cos(float)
 .text._ZSt4fmodIfdEN9__gnu_cxx11__promote_2IT_T0_NS0_9__promoteIS2_XsrSt12__is_integerIS2_E7__valueEE6__typeENS4_IS3_XsrS5_IS3_E7__valueEE6__typeEE6__typeES2_S3_
                0x0000000008003318       0x30 Core/Src/common/foc_utils.o
                0x0000000008003318                __gnu_cxx::__promote_2<float, double, __gnu_cxx::__promote<float, std::__is_integer<float>::__value>::__type, __gnu_cxx::__promote<double, std::__is_integer<double>::__value>::__type>::__type std::fmod<float, double>(float, double)
 .text._Z15_normalizeAnglef
                0x0000000008003348       0x60 Core/Src/common/foc_utils.o
                0x0000000008003348                _normalizeAngle(float)
 .text._Z16_electricalAnglefi
                0x00000000080033a8       0x2c Core/Src/common/foc_utils.o
                0x00000000080033a8                _electricalAngle(float, int)
 .text._Z11_sqrtApproxf
                0x00000000080033d4       0x48 Core/Src/common/foc_utils.o
                0x00000000080033d4                _sqrtApprox(float)
 .text._ZN13LowPassFilterC2Ef
                0x000000000800341c       0x2e Core/Src/common/lowpass_filter.o
                0x000000000800341c                LowPassFilter::LowPassFilter(float)
                0x000000000800341c                LowPassFilter::LowPassFilter(float)
 *fill*         0x000000000800344a        0x2 
 .text._ZN13LowPassFilterclEf
                0x000000000800344c       0xbc Core/Src/common/lowpass_filter.o
                0x000000000800344c                LowPassFilter::operator()(float)
 .text._ZN13PIDControllerC2Efffff
                0x0000000008003508       0x66 Core/Src/common/pid.o
                0x0000000008003508                PIDController::PIDController(float, float, float, float, float)
                0x0000000008003508                PIDController::PIDController(float, float, float, float, float)
 *fill*         0x000000000800356e        0x2 
 .text._ZN13PIDControllerclEf
                0x0000000008003570      0x234 Core/Src/common/pid.o
                0x0000000008003570                PIDController::operator()(float)
 .text._Z6_delaym
                0x00000000080037a4       0x16 Core/Src/common/time_utils.o
                0x00000000080037a4                _delay(unsigned long)
 .text._Z7_microsv
                0x00000000080037ba       0x16 Core/Src/common/time_utils.o
                0x00000000080037ba                _micros()
 .text._ZN12CurrentSenseC2Ev
                0x00000000080037d0       0x28 Core/Src/current_sense/InlineCurrentSense.o
                0x00000000080037d0                CurrentSense::CurrentSense()
                0x00000000080037d0                CurrentSense::CurrentSense()
 .text._ZN18InlineCurrentSenseC2Effiii
                0x00000000080037f8       0xb8 Core/Src/current_sense/InlineCurrentSense.o
                0x00000000080037f8                InlineCurrentSense::InlineCurrentSense(float, float, int, int, int)
                0x00000000080037f8                InlineCurrentSense::InlineCurrentSense(float, float, int, int, int)
 .text._ZN18InlineCurrentSense4initEv
                0x00000000080038b0       0x16 Core/Src/current_sense/InlineCurrentSense.o
                0x00000000080038b0                InlineCurrentSense::init()
 .text._ZN18InlineCurrentSense16calibrateOffsetsEv
                0x00000000080038c6       0x6e Core/Src/current_sense/InlineCurrentSense.o
                0x00000000080038c6                InlineCurrentSense::calibrateOffsets()
 .text._ZN18InlineCurrentSense16getPhaseCurrentsEv
                0x0000000008003934       0xf8 Core/Src/current_sense/InlineCurrentSense.o
                0x0000000008003934                InlineCurrentSense::getPhaseCurrents()
 .text._ZN18InlineCurrentSense10driverSyncEP10BLDCDriver
                0x0000000008003a2c       0x18 Core/Src/current_sense/InlineCurrentSense.o
                0x0000000008003a2c                InlineCurrentSense::driverSync(BLDCDriver*)
 *fill*         0x0000000008003a44        0x4 
 .text._ZN18InlineCurrentSense11driverAlignEP10BLDCDriverf
                0x0000000008003a48      0x6e8 Core/Src/current_sense/InlineCurrentSense.o
                0x0000000008003a48                InlineCurrentSense::driverAlign(BLDCDriver*, float)
 .text._Z15_readADCVoltagei
                0x0000000008004130       0x60 Core/Src/current_sense/hardware_api.o
                0x0000000008004130                _readADCVoltage(int)
 .text._Z18_ADCValueToVoltagei
                0x0000000008004190       0x38 Core/Src/current_sense/hardware_api.o
                0x0000000008004190                _ADCValueToVoltage(int)
 .text._ZN10BLDCDriverC2Ev
                0x00000000080041c8       0x20 Core/Src/motor_drivers/BLDCDriver3PWM.o
                0x00000000080041c8                BLDCDriver::BLDCDriver()
                0x00000000080041c8                BLDCDriver::BLDCDriver()
 .text._ZN14BLDCDriver3PWMC2Eiiii
                0x00000000080041e8       0x58 Core/Src/motor_drivers/BLDCDriver3PWM.o
                0x00000000080041e8                BLDCDriver3PWM::BLDCDriver3PWM(int, int, int, int)
                0x00000000080041e8                BLDCDriver3PWM::BLDCDriver3PWM(int, int, int, int)
 .text._ZN14BLDCDriver3PWM6enableEv
                0x0000000008004240       0x3c Core/Src/motor_drivers/BLDCDriver3PWM.o
                0x0000000008004240                BLDCDriver3PWM::enable()
 .text._ZN14BLDCDriver3PWM7disableEv
                0x000000000800427c       0x3c Core/Src/motor_drivers/BLDCDriver3PWM.o
                0x000000000800427c                BLDCDriver3PWM::disable()
 .text._ZN14BLDCDriver3PWM4initEv
                0x00000000080042b8       0x50 Core/Src/motor_drivers/BLDCDriver3PWM.o
                0x00000000080042b8                BLDCDriver3PWM::init()
 .text._ZN14BLDCDriver3PWM6setPwmEfff
                0x0000000008004308      0x1e4 Core/Src/motor_drivers/BLDCDriver3PWM.o
                0x0000000008004308                BLDCDriver3PWM::setPwm(float, float, float)
 .text._ZN6SensorC2Ev
                0x00000000080044ec       0x30 Core/Src/sensors/Encoder.o
                0x00000000080044ec                Sensor::Sensor()
                0x00000000080044ec                Sensor::Sensor()
 .text._ZN7EncoderC2Eiifi
                0x000000000800451c       0x9c Core/Src/sensors/Encoder.o
                0x000000000800451c                Encoder::Encoder(int, int, float, int)
                0x000000000800451c                Encoder::Encoder(int, int, float, int)
 .text._ZN7Encoder7handleAEv
                0x00000000080045b8       0x68 Core/Src/sensors/Encoder.o
                0x00000000080045b8                Encoder::handleA()
 .text._ZN7Encoder7handleBEv
                0x0000000008004620       0x68 Core/Src/sensors/Encoder.o
                0x0000000008004620                Encoder::handleB()
 .text._ZN7Encoder11handleIndexEv
                0x0000000008004688       0xb4 Core/Src/sensors/Encoder.o
                0x0000000008004688                Encoder::handleIndex()
 *fill*         0x000000000800473c        0x4 
 .text._ZN7Encoder8getAngleEv
                0x0000000008004740       0x48 Core/Src/sensors/Encoder.o
                0x0000000008004740                Encoder::getAngle()
 .text._ZN7Encoder11getVelocityEv
                0x0000000008004788      0x15c Core/Src/sensors/Encoder.o
                0x0000000008004788                Encoder::getVelocity()
 .text._ZN7Encoder11needsSearchEv
                0x00000000080048e4       0x34 Core/Src/sensors/Encoder.o
                0x00000000080048e4                Encoder::needsSearch()
 .text._ZN7Encoder8hasIndexEv
                0x0000000008004918       0x22 Core/Src/sensors/Encoder.o
                0x0000000008004918                Encoder::hasIndex()
 .text._ZN7Encoder8setAngleEf
                0x000000000800493a       0x1e Core/Src/sensors/Encoder.o
                0x000000000800493a                Encoder::setAngle(float)
 .text._ZN7Encoder4initEv
                0x0000000008004958       0x60 Core/Src/sensors/Encoder.o
                0x0000000008004958                Encoder::init()
 .text.Reset_Handler
                0x00000000080049b8       0x50 Core/Startup/startup_stm32h743zitx.o
                0x00000000080049b8                Reset_Handler
 .text.Default_Handler
                0x0000000008004a08        0x2 Core/Startup/startup_stm32h743zitx.o
                0x0000000008004a08                RTC_Alarm_IRQHandler
                0x0000000008004a08                EXTI2_IRQHandler
                0x0000000008004a08                TIM8_CC_IRQHandler
                0x0000000008004a08                HRTIM1_Master_IRQHandler
                0x0000000008004a08                UART8_IRQHandler
                0x0000000008004a08                SPI4_IRQHandler
                0x0000000008004a08                TIM1_CC_IRQHandler
                0x0000000008004a08                BDMA_Channel6_IRQHandler
                0x0000000008004a08                DMA2_Stream5_IRQHandler
                0x0000000008004a08                HRTIM1_FLT_IRQHandler
                0x0000000008004a08                JPEG_IRQHandler
                0x0000000008004a08                DMA1_Stream5_IRQHandler
                0x0000000008004a08                BDMA_Channel1_IRQHandler
                0x0000000008004a08                HRTIM1_TIMD_IRQHandler
                0x0000000008004a08                TAMP_STAMP_IRQHandler
                0x0000000008004a08                EXTI3_IRQHandler
                0x0000000008004a08                LPTIM4_IRQHandler
                0x0000000008004a08                TIM8_TRG_COM_TIM14_IRQHandler
                0x0000000008004a08                LPTIM2_IRQHandler
                0x0000000008004a08                DFSDM1_FLT1_IRQHandler
                0x0000000008004a08                DMAMUX2_OVR_IRQHandler
                0x0000000008004a08                TIM8_UP_TIM13_IRQHandler
                0x0000000008004a08                I2C3_ER_IRQHandler
                0x0000000008004a08                DFSDM1_FLT2_IRQHandler
                0x0000000008004a08                MDMA_IRQHandler
                0x0000000008004a08                LPTIM3_IRQHandler
                0x0000000008004a08                HSEM1_IRQHandler
                0x0000000008004a08                EXTI0_IRQHandler
                0x0000000008004a08                I2C2_EV_IRQHandler
                0x0000000008004a08                DMA1_Stream2_IRQHandler
                0x0000000008004a08                FPU_IRQHandler
                0x0000000008004a08                OTG_HS_WKUP_IRQHandler
                0x0000000008004a08                FDCAN1_IT1_IRQHandler
                0x0000000008004a08                LTDC_ER_IRQHandler
                0x0000000008004a08                DMA2_Stream2_IRQHandler
                0x0000000008004a08                HRTIM1_TIME_IRQHandler
                0x0000000008004a08                SPI1_IRQHandler
                0x0000000008004a08                TIM6_DAC_IRQHandler
                0x0000000008004a08                DCMI_IRQHandler
                0x0000000008004a08                HRTIM1_TIMC_IRQHandler
                0x0000000008004a08                DMA2_Stream3_IRQHandler
                0x0000000008004a08                SAI2_IRQHandler
                0x0000000008004a08                DFSDM1_FLT3_IRQHandler
                0x0000000008004a08                USART6_IRQHandler
                0x0000000008004a08                TIM17_IRQHandler
                0x0000000008004a08                USART3_IRQHandler
                0x0000000008004a08                BDMA_Channel7_IRQHandler
                0x0000000008004a08                LPTIM5_IRQHandler
                0x0000000008004a08                UART5_IRQHandler
                0x0000000008004a08                ADC3_IRQHandler
                0x0000000008004a08                DMA2_Stream0_IRQHandler
                0x0000000008004a08                TIM4_IRQHandler
                0x0000000008004a08                BDMA_Channel2_IRQHandler
                0x0000000008004a08                QUADSPI_IRQHandler
                0x0000000008004a08                I2C1_EV_IRQHandler
                0x0000000008004a08                DMA1_Stream6_IRQHandler
                0x0000000008004a08                DMAMUX1_OVR_IRQHandler
                0x0000000008004a08                DMA1_Stream1_IRQHandler
                0x0000000008004a08                TIM16_IRQHandler
                0x0000000008004a08                UART4_IRQHandler
                0x0000000008004a08                BDMA_Channel5_IRQHandler
                0x0000000008004a08                TIM3_IRQHandler
                0x0000000008004a08                RCC_IRQHandler
                0x0000000008004a08                TIM8_BRK_TIM12_IRQHandler
                0x0000000008004a08                TIM1_TRG_COM_IRQHandler
                0x0000000008004a08                Default_Handler
                0x0000000008004a08                ECC_IRQHandler
                0x0000000008004a08                CEC_IRQHandler
                0x0000000008004a08                BDMA_Channel0_IRQHandler
                0x0000000008004a08                ADC_IRQHandler
                0x0000000008004a08                DMA1_Stream7_IRQHandler
                0x0000000008004a08                HRTIM1_TIMA_IRQHandler
                0x0000000008004a08                SPI5_IRQHandler
                0x0000000008004a08                TIM7_IRQHandler
                0x0000000008004a08                SDMMC1_IRQHandler
                0x0000000008004a08                TIM5_IRQHandler
                0x0000000008004a08                DMA2_Stream7_IRQHandler
                0x0000000008004a08                TIM15_IRQHandler
                0x0000000008004a08                PVD_AVD_IRQHandler
                0x0000000008004a08                I2C3_EV_IRQHandler
                0x0000000008004a08                RTC_WKUP_IRQHandler
                0x0000000008004a08                LTDC_IRQHandler
                0x0000000008004a08                SAI3_IRQHandler
                0x0000000008004a08                ETH_WKUP_IRQHandler
                0x0000000008004a08                SPDIF_RX_IRQHandler
                0x0000000008004a08                SPI2_IRQHandler
                0x0000000008004a08                OTG_HS_EP1_IN_IRQHandler
                0x0000000008004a08                DMA1_Stream0_IRQHandler
                0x0000000008004a08                CRS_IRQHandler
                0x0000000008004a08                EXTI4_IRQHandler
                0x0000000008004a08                RNG_IRQHandler
                0x0000000008004a08                HRTIM1_TIMB_IRQHandler
                0x0000000008004a08                FDCAN2_IT1_IRQHandler
                0x0000000008004a08                ETH_IRQHandler
                0x0000000008004a08                TIM1_UP_IRQHandler
                0x0000000008004a08                BDMA_Channel4_IRQHandler
                0x0000000008004a08                OTG_HS_EP1_OUT_IRQHandler
                0x0000000008004a08                WWDG_IRQHandler
                0x0000000008004a08                SPI6_IRQHandler
                0x0000000008004a08                MDIOS_IRQHandler
                0x0000000008004a08                I2C4_EV_IRQHandler
                0x0000000008004a08                FDCAN2_IT0_IRQHandler
                0x0000000008004a08                LPUART1_IRQHandler
                0x0000000008004a08                FDCAN1_IT0_IRQHandler
                0x0000000008004a08                TIM2_IRQHandler
                0x0000000008004a08                OTG_FS_WKUP_IRQHandler
                0x0000000008004a08                OTG_HS_IRQHandler
                0x0000000008004a08                DMA2D_IRQHandler
                0x0000000008004a08                TIM1_BRK_IRQHandler
                0x0000000008004a08                EXTI1_IRQHandler
                0x0000000008004a08                SDMMC2_IRQHandler
                0x0000000008004a08                OTG_FS_EP1_OUT_IRQHandler
                0x0000000008004a08                BDMA_Channel3_IRQHandler
                0x0000000008004a08                UART7_IRQHandler
                0x0000000008004a08                MDIOS_WKUP_IRQHandler
                0x0000000008004a08                USART2_IRQHandler
                0x0000000008004a08                DFSDM1_FLT0_IRQHandler
                0x0000000008004a08                SAI4_IRQHandler
                0x0000000008004a08                I2C2_ER_IRQHandler
                0x0000000008004a08                DMA2_Stream1_IRQHandler
                0x0000000008004a08                FLASH_IRQHandler
                0x0000000008004a08                DMA2_Stream4_IRQHandler
                0x0000000008004a08                USART1_IRQHandler
                0x0000000008004a08                OTG_FS_IRQHandler
                0x0000000008004a08                SPI3_IRQHandler
                0x0000000008004a08                WAKEUP_PIN_IRQHandler
                0x0000000008004a08                DMA1_Stream4_IRQHandler
                0x0000000008004a08                OTG_FS_EP1_IN_IRQHandler
                0x0000000008004a08                I2C1_ER_IRQHandler
                0x0000000008004a08                FMC_IRQHandler
                0x0000000008004a08                FDCAN_CAL_IRQHandler
                0x0000000008004a08                SWPMI1_IRQHandler
                0x0000000008004a08                COMP1_IRQHandler
                0x0000000008004a08                LPTIM1_IRQHandler
                0x0000000008004a08                I2C4_ER_IRQHandler
                0x0000000008004a08                DMA2_Stream6_IRQHandler
                0x0000000008004a08                SAI1_IRQHandler
                0x0000000008004a08                DMA1_Stream3_IRQHandler
 *fill*         0x0000000008004a0a        0x2 
 .text.HAL_Init
                0x0000000008004a0c       0x78 Drivers/STM32H7xx_HAL_Driver/Src/stm32h7xx_hal.o
                0x0000000008004a0c                HAL_Init
 .text.HAL_InitTick
                0x0000000008004a84       0x6c Drivers/STM32H7xx_HAL_Driver/Src/stm32h7xx_hal.o
                0x0000000008004a84                HAL_InitTick
 .text.HAL_IncTick
                0x0000000008004af0       0x28 Drivers/STM32H7xx_HAL_Driver/Src/stm32h7xx_hal.o
                0x0000000008004af0                HAL_IncTick
 .text.HAL_GetTick
                0x0000000008004b18       0x18 Drivers/STM32H7xx_HAL_Driver/Src/stm32h7xx_hal.o
                0x0000000008004b18                HAL_GetTick
 .text.HAL_Delay
                0x0000000008004b30       0x48 Drivers/STM32H7xx_HAL_Driver/Src/stm32h7xx_hal.o
                0x0000000008004b30                HAL_Delay
 .text.HAL_GetREVID
                0x0000000008004b78       0x18 Drivers/STM32H7xx_HAL_Driver/Src/stm32h7xx_hal.o
                0x0000000008004b78                HAL_GetREVID
 .text.HAL_SYSCFG_AnalogSwitchConfig
                0x0000000008004b90       0x2c Drivers/STM32H7xx_HAL_Driver/Src/stm32h7xx_hal.o
                0x0000000008004b90                HAL_SYSCFG_AnalogSwitchConfig
 .text.LL_ADC_SetCommonClock
                0x0000000008004bbc       0x26 Drivers/STM32H7xx_HAL_Driver/Src/stm32h7xx_hal_adc.o
 .text.LL_ADC_SetCommonPathInternalCh
                0x0000000008004be2       0x26 Drivers/STM32H7xx_HAL_Driver/Src/stm32h7xx_hal_adc.o
 .text.LL_ADC_GetCommonPathInternalCh
                0x0000000008004c08       0x1c Drivers/STM32H7xx_HAL_Driver/Src/stm32h7xx_hal_adc.o
 .text.LL_ADC_SetOffset
                0x0000000008004c24       0x40 Drivers/STM32H7xx_HAL_Driver/Src/stm32h7xx_hal_adc.o
 .text.LL_ADC_SetDataRightShift
                0x0000000008004c64       0x32 Drivers/STM32H7xx_HAL_Driver/Src/stm32h7xx_hal_adc.o
 .text.LL_ADC_SetOffsetSignedSaturation
                0x0000000008004c96       0x36 Drivers/STM32H7xx_HAL_Driver/Src/stm32h7xx_hal_adc.o
 .text.LL_ADC_REG_IsTriggerSourceSWStart
                0x0000000008004ccc       0x26 Drivers/STM32H7xx_HAL_Driver/Src/stm32h7xx_hal_adc.o
 .text.LL_ADC_REG_SetSequencerRanks
                0x0000000008004cf2       0x58 Drivers/STM32H7xx_HAL_Driver/Src/stm32h7xx_hal_adc.o
 .text.LL_ADC_SetChannelSamplingTime
                0x0000000008004d4a       0x56 Drivers/STM32H7xx_HAL_Driver/Src/stm32h7xx_hal_adc.o
 .text.LL_ADC_SetChannelSingleDiff
                0x0000000008004da0       0x48 Drivers/STM32H7xx_HAL_Driver/Src/stm32h7xx_hal_adc.o
 .text.LL_ADC_GetMultimode
                0x0000000008004de8       0x1c Drivers/STM32H7xx_HAL_Driver/Src/stm32h7xx_hal_adc.o
 .text.LL_ADC_GetMultiDMATransfer
                0x0000000008004e04       0x1c Drivers/STM32H7xx_HAL_Driver/Src/stm32h7xx_hal_adc.o
 .text.LL_ADC_DisableDeepPowerDown
                0x0000000008004e20       0x24 Drivers/STM32H7xx_HAL_Driver/Src/stm32h7xx_hal_adc.o
 .text.LL_ADC_IsDeepPowerDownEnabled
                0x0000000008004e44       0x28 Drivers/STM32H7xx_HAL_Driver/Src/stm32h7xx_hal_adc.o
 .text.LL_ADC_EnableInternalRegulator
                0x0000000008004e6c       0x28 Drivers/STM32H7xx_HAL_Driver/Src/stm32h7xx_hal_adc.o
 .text.LL_ADC_IsInternalRegulatorEnabled
                0x0000000008004e94       0x28 Drivers/STM32H7xx_HAL_Driver/Src/stm32h7xx_hal_adc.o
 .text.LL_ADC_Enable
                0x0000000008004ebc       0x28 Drivers/STM32H7xx_HAL_Driver/Src/stm32h7xx_hal_adc.o
 .text.LL_ADC_Disable
                0x0000000008004ee4       0x28 Drivers/STM32H7xx_HAL_Driver/Src/stm32h7xx_hal_adc.o
 .text.LL_ADC_IsEnabled
                0x0000000008004f0c       0x26 Drivers/STM32H7xx_HAL_Driver/Src/stm32h7xx_hal_adc.o
 .text.LL_ADC_IsDisableOngoing
                0x0000000008004f32       0x26 Drivers/STM32H7xx_HAL_Driver/Src/stm32h7xx_hal_adc.o
 .text.LL_ADC_REG_StartConversion
                0x0000000008004f58       0x28 Drivers/STM32H7xx_HAL_Driver/Src/stm32h7xx_hal_adc.o
 .text.LL_ADC_REG_StopConversion
                0x0000000008004f80       0x28 Drivers/STM32H7xx_HAL_Driver/Src/stm32h7xx_hal_adc.o
 .text.LL_ADC_REG_IsConversionOngoing
                0x0000000008004fa8       0x26 Drivers/STM32H7xx_HAL_Driver/Src/stm32h7xx_hal_adc.o
 *fill*         0x0000000008004fce        0x2 
 .text.LL_ADC_INJ_StopConversion
                0x0000000008004fd0       0x28 Drivers/STM32H7xx_HAL_Driver/Src/stm32h7xx_hal_adc.o
 .text.LL_ADC_INJ_IsConversionOngoing
                0x0000000008004ff8       0x26 Drivers/STM32H7xx_HAL_Driver/Src/stm32h7xx_hal_adc.o
 *fill*         0x000000000800501e        0x2 
 .text.HAL_ADC_Init
                0x0000000008005020      0x340 Drivers/STM32H7xx_HAL_Driver/Src/stm32h7xx_hal_adc.o
                0x0000000008005020                HAL_ADC_Init
 .text.HAL_ADC_Start
                0x0000000008005360      0x194 Drivers/STM32H7xx_HAL_Driver/Src/stm32h7xx_hal_adc.o
                0x0000000008005360                HAL_ADC_Start
 .text.HAL_ADC_Stop
                0x00000000080054f4       0x68 Drivers/STM32H7xx_HAL_Driver/Src/stm32h7xx_hal_adc.o
                0x00000000080054f4                HAL_ADC_Stop
 .text.HAL_ADC_PollForConversion
                0x000000000800555c      0x1d8 Drivers/STM32H7xx_HAL_Driver/Src/stm32h7xx_hal_adc.o
                0x000000000800555c                HAL_ADC_PollForConversion
 .text.HAL_ADC_GetValue
                0x0000000008005734       0x1a Drivers/STM32H7xx_HAL_Driver/Src/stm32h7xx_hal_adc.o
                0x0000000008005734                HAL_ADC_GetValue
 *fill*         0x000000000800574e        0x2 
 .text.HAL_ADC_ConfigChannel
                0x0000000008005750      0x628 Drivers/STM32H7xx_HAL_Driver/Src/stm32h7xx_hal_adc.o
                0x0000000008005750                HAL_ADC_ConfigChannel
 .text.ADC_ConversionStop
                0x0000000008005d78      0x168 Drivers/STM32H7xx_HAL_Driver/Src/stm32h7xx_hal_adc.o
                0x0000000008005d78                ADC_ConversionStop
 .text.ADC_Enable
                0x0000000008005ee0      0x108 Drivers/STM32H7xx_HAL_Driver/Src/stm32h7xx_hal_adc.o
                0x0000000008005ee0                ADC_Enable
 .text.ADC_Disable
                0x0000000008005fe8       0xb0 Drivers/STM32H7xx_HAL_Driver/Src/stm32h7xx_hal_adc.o
                0x0000000008005fe8                ADC_Disable
 .text.ADC_ConfigureBoostMode
                0x0000000008006098      0x214 Drivers/STM32H7xx_HAL_Driver/Src/stm32h7xx_hal_adc.o
                0x0000000008006098                ADC_ConfigureBoostMode
 .text.LL_ADC_IsEnabled
                0x00000000080062ac       0x26 Drivers/STM32H7xx_HAL_Driver/Src/stm32h7xx_hal_adc_ex.o
 *fill*         0x00000000080062d2        0x2 
 .text.LL_ADC_StartCalibration
                0x00000000080062d4       0x3c Drivers/STM32H7xx_HAL_Driver/Src/stm32h7xx_hal_adc_ex.o
 .text.LL_ADC_IsCalibrationOnGoing
                0x0000000008006310       0x28 Drivers/STM32H7xx_HAL_Driver/Src/stm32h7xx_hal_adc_ex.o
 .text.LL_ADC_REG_IsConversionOngoing
                0x0000000008006338       0x26 Drivers/STM32H7xx_HAL_Driver/Src/stm32h7xx_hal_adc_ex.o
 *fill*         0x000000000800635e        0x2 
 .text.HAL_ADCEx_Calibration_Start
                0x0000000008006360       0xc8 Drivers/STM32H7xx_HAL_Driver/Src/stm32h7xx_hal_adc_ex.o
                0x0000000008006360                HAL_ADCEx_Calibration_Start
 .text.HAL_ADCEx_MultiModeConfigChannel
                0x0000000008006428      0x1b4 Drivers/STM32H7xx_HAL_Driver/Src/stm32h7xx_hal_adc_ex.o
                0x0000000008006428                HAL_ADCEx_MultiModeConfigChannel
 .text.__NVIC_SetPriorityGrouping
                0x00000000080065dc       0x48 Drivers/STM32H7xx_HAL_Driver/Src/stm32h7xx_hal_cortex.o
 .text.__NVIC_GetPriorityGrouping
                0x0000000008006624       0x1c Drivers/STM32H7xx_HAL_Driver/Src/stm32h7xx_hal_cortex.o
 .text.__NVIC_EnableIRQ
                0x0000000008006640       0x3c Drivers/STM32H7xx_HAL_Driver/Src/stm32h7xx_hal_cortex.o
 .text.__NVIC_SetPriority
                0x000000000800667c       0x54 Drivers/STM32H7xx_HAL_Driver/Src/stm32h7xx_hal_cortex.o
 .text.NVIC_EncodePriority
                0x00000000080066d0       0x66 Drivers/STM32H7xx_HAL_Driver/Src/stm32h7xx_hal_cortex.o
 *fill*         0x0000000008006736        0x2 
 .text.SysTick_Config
                0x0000000008006738       0x44 Drivers/STM32H7xx_HAL_Driver/Src/stm32h7xx_hal_cortex.o
 .text.HAL_NVIC_SetPriorityGrouping
                0x000000000800677c       0x16 Drivers/STM32H7xx_HAL_Driver/Src/stm32h7xx_hal_cortex.o
                0x000000000800677c                HAL_NVIC_SetPriorityGrouping
 .text.HAL_NVIC_SetPriority
                0x0000000008006792       0x34 Drivers/STM32H7xx_HAL_Driver/Src/stm32h7xx_hal_cortex.o
                0x0000000008006792                HAL_NVIC_SetPriority
 .text.HAL_NVIC_EnableIRQ
                0x00000000080067c6       0x1c Drivers/STM32H7xx_HAL_Driver/Src/stm32h7xx_hal_cortex.o
                0x00000000080067c6                HAL_NVIC_EnableIRQ
 .text.HAL_SYSTICK_Config
                0x00000000080067e2       0x18 Drivers/STM32H7xx_HAL_Driver/Src/stm32h7xx_hal_cortex.o
                0x00000000080067e2                HAL_SYSTICK_Config
 *fill*         0x00000000080067fa        0x2 
 .text.HAL_GPIO_Init
                0x00000000080067fc      0x360 Drivers/STM32H7xx_HAL_Driver/Src/stm32h7xx_hal_gpio.o
                0x00000000080067fc                HAL_GPIO_Init
 .text.HAL_GPIO_ReadPin
                0x0000000008006b5c       0x30 Drivers/STM32H7xx_HAL_Driver/Src/stm32h7xx_hal_gpio.o
                0x0000000008006b5c                HAL_GPIO_ReadPin
 .text.HAL_GPIO_WritePin
                0x0000000008006b8c       0x32 Drivers/STM32H7xx_HAL_Driver/Src/stm32h7xx_hal_gpio.o
                0x0000000008006b8c                HAL_GPIO_WritePin
 .text.HAL_GPIO_EXTI_IRQHandler
                0x0000000008006bbe       0x34 Drivers/STM32H7xx_HAL_Driver/Src/stm32h7xx_hal_gpio.o
                0x0000000008006bbe                HAL_GPIO_EXTI_IRQHandler
 *fill*         0x0000000008006bf2        0x2 
 .text.HAL_PWREx_ConfigSupply
                0x0000000008006bf4       0x74 Drivers/STM32H7xx_HAL_Driver/Src/stm32h7xx_hal_pwr_ex.o
                0x0000000008006bf4                HAL_PWREx_ConfigSupply
 .text.HAL_RCC_OscConfig
                0x0000000008006c68      0x820 Drivers/STM32H7xx_HAL_Driver/Src/stm32h7xx_hal_rcc.o
                0x0000000008006c68                HAL_RCC_OscConfig
 .text.HAL_RCC_ClockConfig
                0x0000000008007488      0x36c Drivers/STM32H7xx_HAL_Driver/Src/stm32h7xx_hal_rcc.o
                0x0000000008007488                HAL_RCC_ClockConfig
 .text.HAL_RCC_GetSysClockFreq
                0x00000000080077f4      0x2f4 Drivers/STM32H7xx_HAL_Driver/Src/stm32h7xx_hal_rcc.o
                0x00000000080077f4                HAL_RCC_GetSysClockFreq
 .text.HAL_RCC_GetHCLKFreq
                0x0000000008007ae8       0x60 Drivers/STM32H7xx_HAL_Driver/Src/stm32h7xx_hal_rcc.o
                0x0000000008007ae8                HAL_RCC_GetHCLKFreq
 .text.HAL_RCCEx_PeriphCLKConfig
                0x0000000008007b48      0xe60 Drivers/STM32H7xx_HAL_Driver/Src/stm32h7xx_hal_rcc_ex.o
                0x0000000008007b48                HAL_RCCEx_PeriphCLKConfig
 .text.HAL_RCCEx_GetPeriphCLKFreq
                0x00000000080089a8      0x570 Drivers/STM32H7xx_HAL_Driver/Src/stm32h7xx_hal_rcc_ex.o
                0x00000000080089a8                HAL_RCCEx_GetPeriphCLKFreq
 .text.HAL_RCCEx_GetD3PCLK1Freq
                0x0000000008008f18       0x2c Drivers/STM32H7xx_HAL_Driver/Src/stm32h7xx_hal_rcc_ex.o
                0x0000000008008f18                HAL_RCCEx_GetD3PCLK1Freq
 .text.HAL_RCCEx_GetPLL2ClockFreq
                0x0000000008008f44      0x2a8 Drivers/STM32H7xx_HAL_Driver/Src/stm32h7xx_hal_rcc_ex.o
                0x0000000008008f44                HAL_RCCEx_GetPLL2ClockFreq
 .text.HAL_RCCEx_GetPLL3ClockFreq
                0x00000000080091ec      0x2a8 Drivers/STM32H7xx_HAL_Driver/Src/stm32h7xx_hal_rcc_ex.o
                0x00000000080091ec                HAL_RCCEx_GetPLL3ClockFreq
 .text.HAL_RCCEx_GetPLL1ClockFreq
                0x0000000008009494      0x2a4 Drivers/STM32H7xx_HAL_Driver/Src/stm32h7xx_hal_rcc_ex.o
                0x0000000008009494                HAL_RCCEx_GetPLL1ClockFreq
 .text.RCCEx_PLL2_Config
                0x0000000008009738      0x164 Drivers/STM32H7xx_HAL_Driver/Src/stm32h7xx_hal_rcc_ex.o
 .text.RCCEx_PLL3_Config
                0x000000000800989c      0x164 Drivers/STM32H7xx_HAL_Driver/Src/stm32h7xx_hal_rcc_ex.o
 .text.HAL_TIM_Base_Start
                0x0000000008009a00       0x5c Drivers/STM32H7xx_HAL_Driver/Src/stm32h7xx_hal_tim.o
                0x0000000008009a00                HAL_TIM_Base_Start
 .text.HAL_TIM_PWM_Init
                0x0000000008009a5c       0xae Drivers/STM32H7xx_HAL_Driver/Src/stm32h7xx_hal_tim.o
                0x0000000008009a5c                HAL_TIM_PWM_Init
 *fill*         0x0000000008009b0a        0x2 
 .text.HAL_TIM_PWM_Start
                0x0000000008009b0c      0x1a4 Drivers/STM32H7xx_HAL_Driver/Src/stm32h7xx_hal_tim.o
                0x0000000008009b0c                HAL_TIM_PWM_Start
 .text.HAL_TIM_PWM_ConfigChannel
                0x0000000008009cb0      0x220 Drivers/STM32H7xx_HAL_Driver/Src/stm32h7xx_hal_tim.o
                0x0000000008009cb0                HAL_TIM_PWM_ConfigChannel
 .text.TIM_Base_SetConfig
                0x0000000008009ed0      0x134 Drivers/STM32H7xx_HAL_Driver/Src/stm32h7xx_hal_tim.o
                0x0000000008009ed0                TIM_Base_SetConfig
 .text.TIM_OC1_SetConfig
                0x000000000800a004      0x120 Drivers/STM32H7xx_HAL_Driver/Src/stm32h7xx_hal_tim.o
 .text.TIM_OC2_SetConfig
                0x000000000800a124      0x114 Drivers/STM32H7xx_HAL_Driver/Src/stm32h7xx_hal_tim.o
                0x000000000800a124                TIM_OC2_SetConfig
 .text.TIM_OC3_SetConfig
                0x000000000800a238      0x10c Drivers/STM32H7xx_HAL_Driver/Src/stm32h7xx_hal_tim.o
 .text.TIM_OC4_SetConfig
                0x000000000800a344       0xd0 Drivers/STM32H7xx_HAL_Driver/Src/stm32h7xx_hal_tim.o
 .text.TIM_OC5_SetConfig
                0x000000000800a414       0xc4 Drivers/STM32H7xx_HAL_Driver/Src/stm32h7xx_hal_tim.o
 .text.TIM_OC6_SetConfig
                0x000000000800a4d8       0xc8 Drivers/STM32H7xx_HAL_Driver/Src/stm32h7xx_hal_tim.o
 .text.TIM_CCxChannelCmd
                0x000000000800a5a0       0x4a Drivers/STM32H7xx_HAL_Driver/Src/stm32h7xx_hal_tim.o
                0x000000000800a5a0                TIM_CCxChannelCmd
 *fill*         0x000000000800a5ea        0x2 
 .text.HAL_TIMEx_MasterConfigSynchronization
                0x000000000800a5ec      0x110 Drivers/STM32H7xx_HAL_Driver/Src/stm32h7xx_hal_tim_ex.o
                0x000000000800a5ec                HAL_TIMEx_MasterConfigSynchronization
 .text.HAL_TIMEx_ConfigBreakDeadTime
                0x000000000800a6fc       0xfc Drivers/STM32H7xx_HAL_Driver/Src/stm32h7xx_hal_tim_ex.o
                0x000000000800a6fc                HAL_TIMEx_ConfigBreakDeadTime
 .text.__cxa_pure_virtual
                0x000000000800a7f8        0x6 c:/st/stm32cubeide_1.5.1/stm32cubeide/plugins/com.st.stm32cube.ide.mcu.externaltools.gnu-tools-for-stm32.9-2020-q2-update.win32_1.5.0.202011040924/tools/bin/../lib/gcc/arm-none-eabi/9.3.1/../../../../arm-none-eabi/lib/thumb/v7e-m+dp/hard\libstdc++_nano.a(pure.o)
                0x000000000800a7f8                __cxa_pure_virtual
 .text._ZN10__cxxabiv111__terminateEPFvvE
                0x000000000800a7fe        0x8 c:/st/stm32cubeide_1.5.1/stm32cubeide/plugins/com.st.stm32cube.ide.mcu.externaltools.gnu-tools-for-stm32.9-2020-q2-update.win32_1.5.0.202011040924/tools/bin/../lib/gcc/arm-none-eabi/9.3.1/../../../../arm-none-eabi/lib/thumb/v7e-m+dp/hard\libstdc++_nano.a(eh_terminate.o)
                0x000000000800a7fe                __cxxabiv1::__terminate(void (*)())
 *fill*         0x000000000800a806        0x2 
 .text._ZSt13get_terminatev
                0x000000000800a808       0x10 c:/st/stm32cubeide_1.5.1/stm32cubeide/plugins/com.st.stm32cube.ide.mcu.externaltools.gnu-tools-for-stm32.9-2020-q2-update.win32_1.5.0.202011040924/tools/bin/../lib/gcc/arm-none-eabi/9.3.1/../../../../arm-none-eabi/lib/thumb/v7e-m+dp/hard\libstdc++_nano.a(eh_terminate.o)
                0x000000000800a808                std::get_terminate()
 .text._ZSt9terminatev
                0x000000000800a818        0xa c:/st/stm32cubeide_1.5.1/stm32cubeide/plugins/com.st.stm32cube.ide.mcu.externaltools.gnu-tools-for-stm32.9-2020-q2-update.win32_1.5.0.202011040924/tools/bin/../lib/gcc/arm-none-eabi/9.3.1/../../../../arm-none-eabi/lib/thumb/v7e-m+dp/hard\libstdc++_nano.a(eh_terminate.o)
                0x000000000800a818                std::terminate()
 *fill*         0x000000000800a822        0x6 
 .text.floor    0x000000000800a828       0xe8 c:/st/stm32cubeide_1.5.1/stm32cubeide/plugins/com.st.stm32cube.ide.mcu.externaltools.gnu-tools-for-stm32.9-2020-q2-update.win32_1.5.0.202011040924/tools/bin/../lib/gcc/arm-none-eabi/9.3.1/../../../../arm-none-eabi/lib/thumb/v7e-m+dp/hard\libm.a(lib_a-s_floor.o)
                0x000000000800a828                floor
 .text.round    0x000000000800a910       0x8c c:/st/stm32cubeide_1.5.1/stm32cubeide/plugins/com.st.stm32cube.ide.mcu.externaltools.gnu-tools-for-stm32.9-2020-q2-update.win32_1.5.0.202011040924/tools/bin/../lib/gcc/arm-none-eabi/9.3.1/../../../../arm-none-eabi/lib/thumb/v7e-m+dp/hard\libm.a(lib_a-s_round.o)
                0x000000000800a910                round
 *fill*         0x000000000800a99c        0x4 
 .text.fmod     0x000000000800a9a0       0x5c c:/st/stm32cubeide_1.5.1/stm32cubeide/plugins/com.st.stm32cube.ide.mcu.externaltools.gnu-tools-for-stm32.9-2020-q2-update.win32_1.5.0.202011040924/tools/bin/../lib/gcc/arm-none-eabi/9.3.1/../../../../arm-none-eabi/lib/thumb/v7e-m+dp/hard\libm.a(lib_a-w_fmod.o)
                0x000000000800a9a0                fmod
 .text.atan2f   0x000000000800a9fc        0x4 c:/st/stm32cubeide_1.5.1/stm32cubeide/plugins/com.st.stm32cube.ide.mcu.externaltools.gnu-tools-for-stm32.9-2020-q2-update.win32_1.5.0.202011040924/tools/bin/../lib/gcc/arm-none-eabi/9.3.1/../../../../arm-none-eabi/lib/thumb/v7e-m+dp/hard\libm.a(lib_a-wf_atan2.o)
                0x000000000800a9fc                atan2f
 .text.__ieee754_fmod
                0x000000000800aa00      0x228 c:/st/stm32cubeide_1.5.1/stm32cubeide/plugins/com.st.stm32cube.ide.mcu.externaltools.gnu-tools-for-stm32.9-2020-q2-update.win32_1.5.0.202011040924/tools/bin/../lib/gcc/arm-none-eabi/9.3.1/../../../../arm-none-eabi/lib/thumb/v7e-m+dp/hard\libm.a(lib_a-e_fmod.o)
                0x000000000800aa00                __ieee754_fmod
 .text.__ieee754_atan2f
                0x000000000800ac28      0x13c c:/st/stm32cubeide_1.5.1/stm32cubeide/plugins/com.st.stm32cube.ide.mcu.externaltools.gnu-tools-for-stm32.9-2020-q2-update.win32_1.5.0.202011040924/tools/bin/../lib/gcc/arm-none-eabi/9.3.1/../../../../arm-none-eabi/lib/thumb/v7e-m+dp/hard\libm.a(lib_a-ef_atan2.o)
                0x000000000800ac28                __ieee754_atan2f
 .text.atanf    0x000000000800ad64      0x1a8 c:/st/stm32cubeide_1.5.1/stm32cubeide/plugins/com.st.stm32cube.ide.mcu.externaltools.gnu-tools-for-stm32.9-2020-q2-update.win32_1.5.0.202011040924/tools/bin/../lib/gcc/arm-none-eabi/9.3.1/../../../../arm-none-eabi/lib/thumb/v7e-m+dp/hard\libm.a(lib_a-sf_atan.o)
                0x000000000800ad64                atanf
 .text.fabsf    0x000000000800af0c        0xe c:/st/stm32cubeide_1.5.1/stm32cubeide/plugins/com.st.stm32cube.ide.mcu.externaltools.gnu-tools-for-stm32.9-2020-q2-update.win32_1.5.0.202011040924/tools/bin/../lib/gcc/arm-none-eabi/9.3.1/../../../../arm-none-eabi/lib/thumb/v7e-m+dp/hard\libm.a(lib_a-sf_fabs.o)
                0x000000000800af0c                fabsf
 .text.abort    0x000000000800af1a        0xe c:/st/stm32cubeide_1.5.1/stm32cubeide/plugins/com.st.stm32cube.ide.mcu.externaltools.gnu-tools-for-stm32.9-2020-q2-update.win32_1.5.0.202011040924/tools/bin/../lib/gcc/arm-none-eabi/9.3.1/../../../../arm-none-eabi/lib/thumb/v7e-m+dp/hard\libc_nano.a(lib_a-abort.o)
                0x000000000800af1a                abort
 .text.__errno  0x000000000800af28        0xc c:/st/stm32cubeide_1.5.1/stm32cubeide/plugins/com.st.stm32cube.ide.mcu.externaltools.gnu-tools-for-stm32.9-2020-q2-update.win32_1.5.0.202011040924/tools/bin/../lib/gcc/arm-none-eabi/9.3.1/../../../../arm-none-eabi/lib/thumb/v7e-m+dp/hard\libc_nano.a(lib_a-errno.o)
                0x000000000800af28                __errno
 .text.__libc_init_array
                0x000000000800af34       0x48 c:/st/stm32cubeide_1.5.1/stm32cubeide/plugins/com.st.stm32cube.ide.mcu.externaltools.gnu-tools-for-stm32.9-2020-q2-update.win32_1.5.0.202011040924/tools/bin/../lib/gcc/arm-none-eabi/9.3.1/../../../../arm-none-eabi/lib/thumb/v7e-m+dp/hard\libc_nano.a(lib_a-init.o)
                0x000000000800af34                __libc_init_array
 .text.memset   0x000000000800af7c       0x10 c:/st/stm32cubeide_1.5.1/stm32cubeide/plugins/com.st.stm32cube.ide.mcu.externaltools.gnu-tools-for-stm32.9-2020-q2-update.win32_1.5.0.202011040924/tools/bin/../lib/gcc/arm-none-eabi/9.3.1/../../../../arm-none-eabi/lib/thumb/v7e-m+dp/hard\libc_nano.a(lib_a-memset.o)
                0x000000000800af7c                memset
 .text._raise_r
                0x000000000800af8c       0x50 c:/st/stm32cubeide_1.5.1/stm32cubeide/plugins/com.st.stm32cube.ide.mcu.externaltools.gnu-tools-for-stm32.9-2020-q2-update.win32_1.5.0.202011040924/tools/bin/../lib/gcc/arm-none-eabi/9.3.1/../../../../arm-none-eabi/lib/thumb/v7e-m+dp/hard\libc_nano.a(lib_a-signal.o)
                0x000000000800af8c                _raise_r
 .text.raise    0x000000000800afdc       0x10 c:/st/stm32cubeide_1.5.1/stm32cubeide/plugins/com.st.stm32cube.ide.mcu.externaltools.gnu-tools-for-stm32.9-2020-q2-update.win32_1.5.0.202011040924/tools/bin/../lib/gcc/arm-none-eabi/9.3.1/../../../../arm-none-eabi/lib/thumb/v7e-m+dp/hard\libc_nano.a(lib_a-signal.o)
                0x000000000800afdc                raise
 .text._kill_r  0x000000000800afec       0x24 c:/st/stm32cubeide_1.5.1/stm32cubeide/plugins/com.st.stm32cube.ide.mcu.externaltools.gnu-tools-for-stm32.9-2020-q2-update.win32_1.5.0.202011040924/tools/bin/../lib/gcc/arm-none-eabi/9.3.1/../../../../arm-none-eabi/lib/thumb/v7e-m+dp/hard\libc_nano.a(lib_a-signalr.o)
                0x000000000800afec                _kill_r
 .text._getpid_r
                0x000000000800b010        0x4 c:/st/stm32cubeide_1.5.1/stm32cubeide/plugins/com.st.stm32cube.ide.mcu.externaltools.gnu-tools-for-stm32.9-2020-q2-update.win32_1.5.0.202011040924/tools/bin/../lib/gcc/arm-none-eabi/9.3.1/../../../../arm-none-eabi/lib/thumb/v7e-m+dp/hard\libc_nano.a(lib_a-signalr.o)
                0x000000000800b010                _getpid_r
 *(.glue_7)
 .glue_7        0x000000000800b014        0x0 linker stubs
 *(.glue_7t)
 .glue_7t       0x000000000800b014        0x0 linker stubs
 *(.eh_frame)
 .eh_frame      0x000000000800b014        0x0 c:/st/stm32cubeide_1.5.1/stm32cubeide/plugins/com.st.stm32cube.ide.mcu.externaltools.gnu-tools-for-stm32.9-2020-q2-update.win32_1.5.0.202011040924/tools/bin/../lib/gcc/arm-none-eabi/9.3.1/thumb/v7e-m+dp/hard/crtbegin.o
 *(.init)
 .init          0x000000000800b014        0x4 c:/st/stm32cubeide_1.5.1/stm32cubeide/plugins/com.st.stm32cube.ide.mcu.externaltools.gnu-tools-for-stm32.9-2020-q2-update.win32_1.5.0.202011040924/tools/bin/../lib/gcc/arm-none-eabi/9.3.1/thumb/v7e-m+dp/hard/crti.o
                0x000000000800b014                _init
 .init          0x000000000800b018        0x8 c:/st/stm32cubeide_1.5.1/stm32cubeide/plugins/com.st.stm32cube.ide.mcu.externaltools.gnu-tools-for-stm32.9-2020-q2-update.win32_1.5.0.202011040924/tools/bin/../lib/gcc/arm-none-eabi/9.3.1/thumb/v7e-m+dp/hard/crtn.o
 *(.fini)
 .fini          0x000000000800b020        0x4 c:/st/stm32cubeide_1.5.1/stm32cubeide/plugins/com.st.stm32cube.ide.mcu.externaltools.gnu-tools-for-stm32.9-2020-q2-update.win32_1.5.0.202011040924/tools/bin/../lib/gcc/arm-none-eabi/9.3.1/thumb/v7e-m+dp/hard/crti.o
                0x000000000800b020                _fini
 .fini          0x000000000800b024        0x8 c:/st/stm32cubeide_1.5.1/stm32cubeide/plugins/com.st.stm32cube.ide.mcu.externaltools.gnu-tools-for-stm32.9-2020-q2-update.win32_1.5.0.202011040924/tools/bin/../lib/gcc/arm-none-eabi/9.3.1/thumb/v7e-m+dp/hard/crtn.o
                0x000000000800b02c                . = ALIGN (0x4)
                0x000000000800b02c                _etext = .

.vfp11_veneer   0x000000000800b02c        0x0
 .vfp11_veneer  0x000000000800b02c        0x0 linker stubs

.v4_bx          0x000000000800b02c        0x0
 .v4_bx         0x000000000800b02c        0x0 linker stubs

.iplt           0x000000000800b02c        0x0
 .iplt          0x000000000800b02c        0x0 c:/st/stm32cubeide_1.5.1/stm32cubeide/plugins/com.st.stm32cube.ide.mcu.externaltools.gnu-tools-for-stm32.9-2020-q2-update.win32_1.5.0.202011040924/tools/bin/../lib/gcc/arm-none-eabi/9.3.1/thumb/v7e-m+dp/hard/crtbegin.o

.rodata         0x000000000800b030      0x480
                0x000000000800b030                . = ALIGN (0x4)
 *(.rodata)
 .rodata        0x000000000800b030       0x30 Core/Src/main.o
 *(.rodata*)
 .rodata._ZTV9BLDCMotor
                0x000000000800b060       0x20 Core/Src/BLDCMotor.o
                0x000000000800b060                vtable for BLDCMotor
 .rodata.D1CorePrescTable
                0x000000000800b080       0x10 Core/Src/system_stm32h7xx.o
                0x000000000800b080                D1CorePrescTable
 .rodata._ZTV12CurrentSense
                0x000000000800b090       0x1c Core/Src/common/base_classes/CurrentSense.o
                0x000000000800b090                vtable for CurrentSense
 .rodata._ZTV8FOCMotor
                0x000000000800b0ac       0x20 Core/Src/common/base_classes/FOCMotor.o
                0x000000000800b0ac                vtable for FOCMotor
 .rodata._ZTV6Sensor
                0x000000000800b0cc       0x18 Core/Src/common/base_classes/Sensor.o
                0x000000000800b0cc                vtable for Sensor
 .rodata._ZL10sine_array
                0x000000000800b0e4      0x320 Core/Src/common/foc_utils.o
 .rodata._ZTV18InlineCurrentSense
                0x000000000800b404       0x1c Core/Src/current_sense/InlineCurrentSense.o
                0x000000000800b404                vtable for InlineCurrentSense
 .rodata._ZTV14BLDCDriver3PWM
                0x000000000800b420       0x18 Core/Src/motor_drivers/BLDCDriver3PWM.o
                0x000000000800b420                vtable for BLDCDriver3PWM
 .rodata._ZTV10BLDCDriver
                0x000000000800b438       0x18 Core/Src/motor_drivers/BLDCDriver3PWM.o
                0x000000000800b438                vtable for BLDCDriver
 .rodata._ZTV7Encoder
                0x000000000800b450       0x18 Core/Src/sensors/Encoder.o
                0x000000000800b450                vtable for Encoder
 .rodata.Zero   0x000000000800b468       0x10 c:/st/stm32cubeide_1.5.1/stm32cubeide/plugins/com.st.stm32cube.ide.mcu.externaltools.gnu-tools-for-stm32.9-2020-q2-update.win32_1.5.0.202011040924/tools/bin/../lib/gcc/arm-none-eabi/9.3.1/../../../../arm-none-eabi/lib/thumb/v7e-m+dp/hard\libm.a(lib_a-e_fmod.o)
 .rodata.CSWTCH.8
                0x000000000800b478        0xc c:/st/stm32cubeide_1.5.1/stm32cubeide/plugins/com.st.stm32cube.ide.mcu.externaltools.gnu-tools-for-stm32.9-2020-q2-update.win32_1.5.0.202011040924/tools/bin/../lib/gcc/arm-none-eabi/9.3.1/../../../../arm-none-eabi/lib/thumb/v7e-m+dp/hard\libm.a(lib_a-ef_atan2.o)
 .rodata.CSWTCH.9
                0x000000000800b484        0xc c:/st/stm32cubeide_1.5.1/stm32cubeide/plugins/com.st.stm32cube.ide.mcu.externaltools.gnu-tools-for-stm32.9-2020-q2-update.win32_1.5.0.202011040924/tools/bin/../lib/gcc/arm-none-eabi/9.3.1/../../../../arm-none-eabi/lib/thumb/v7e-m+dp/hard\libm.a(lib_a-ef_atan2.o)
 .rodata.atanhi
                0x000000000800b490       0x10 c:/st/stm32cubeide_1.5.1/stm32cubeide/plugins/com.st.stm32cube.ide.mcu.externaltools.gnu-tools-for-stm32.9-2020-q2-update.win32_1.5.0.202011040924/tools/bin/../lib/gcc/arm-none-eabi/9.3.1/../../../../arm-none-eabi/lib/thumb/v7e-m+dp/hard\libm.a(lib_a-sf_atan.o)
 .rodata.atanlo
                0x000000000800b4a0       0x10 c:/st/stm32cubeide_1.5.1/stm32cubeide/plugins/com.st.stm32cube.ide.mcu.externaltools.gnu-tools-for-stm32.9-2020-q2-update.win32_1.5.0.202011040924/tools/bin/../lib/gcc/arm-none-eabi/9.3.1/../../../../arm-none-eabi/lib/thumb/v7e-m+dp/hard\libm.a(lib_a-sf_atan.o)
                0x000000000800b4b0                . = ALIGN (0x4)

.rel.dyn        0x000000000800b4b0        0x0
 .rel.iplt      0x000000000800b4b0        0x0 c:/st/stm32cubeide_1.5.1/stm32cubeide/plugins/com.st.stm32cube.ide.mcu.externaltools.gnu-tools-for-stm32.9-2020-q2-update.win32_1.5.0.202011040924/tools/bin/../lib/gcc/arm-none-eabi/9.3.1/thumb/v7e-m+dp/hard/crtbegin.o

.ARM.extab      0x000000000800b4b0        0x0
                0x000000000800b4b0                . = ALIGN (0x4)
 *(.ARM.extab* .gnu.linkonce.armextab.*)
                0x000000000800b4b0                . = ALIGN (0x4)

.ARM            0x000000000800b4b0        0x0
                0x000000000800b4b0                . = ALIGN (0x4)
                0x000000000800b4b0                __exidx_start = .
 *(.ARM.exidx*)
                0x000000000800b4b0                __exidx_end = .
                0x000000000800b4b0                . = ALIGN (0x4)

.preinit_array  0x000000000800b4b0        0x0
                0x000000000800b4b0                . = ALIGN (0x4)
                0x000000000800b4b0                PROVIDE (__preinit_array_start = .)
 *(.preinit_array*)
                0x000000000800b4b0                PROVIDE (__preinit_array_end = .)
                0x000000000800b4b0                . = ALIGN (0x4)

.init_array     0x000000000800b4b0        0x8
                0x000000000800b4b0                . = ALIGN (0x4)
                0x000000000800b4b0                PROVIDE (__init_array_start = .)
 *(SORT_BY_NAME(.init_array.*))
 *(.init_array*)
 .init_array    0x000000000800b4b0        0x4 c:/st/stm32cubeide_1.5.1/stm32cubeide/plugins/com.st.stm32cube.ide.mcu.externaltools.gnu-tools-for-stm32.9-2020-q2-update.win32_1.5.0.202011040924/tools/bin/../lib/gcc/arm-none-eabi/9.3.1/thumb/v7e-m+dp/hard/crtbegin.o
 .init_array    0x000000000800b4b4        0x4 Core/Src/main.o
                0x000000000800b4b8                PROVIDE (__init_array_end = .)
                0x000000000800b4b8                . = ALIGN (0x4)

.fini_array     0x000000000800b4b8        0x4
                0x000000000800b4b8                . = ALIGN (0x4)
                [!provide]                        PROVIDE (__fini_array_start = .)
 *(SORT_BY_NAME(.fini_array.*))
 *(.fini_array*)
 .fini_array    0x000000000800b4b8        0x4 c:/st/stm32cubeide_1.5.1/stm32cubeide/plugins/com.st.stm32cube.ide.mcu.externaltools.gnu-tools-for-stm32.9-2020-q2-update.win32_1.5.0.202011040924/tools/bin/../lib/gcc/arm-none-eabi/9.3.1/thumb/v7e-m+dp/hard/crtbegin.o
                [!provide]                        PROVIDE (__fini_array_end = .)
                0x000000000800b4bc                . = ALIGN (0x4)
                0x000000000800b4bc                _sidata = LOADADDR (.data)

.data           0x0000000024000000       0x80 load address 0x000000000800b4bc
                0x0000000024000000                . = ALIGN (0x4)
                0x0000000024000000                _sdata = .
 *(.data)
 *(.data*)
 .data.loopIdx  0x0000000024000000        0x4 Core/Src/main.o
                0x0000000024000000                loopIdx
 .data.SystemCoreClock
                0x0000000024000004        0x4 Core/Src/system_stm32h7xx.o
                0x0000000024000004                SystemCoreClock
 .data.SystemD2Clock
                0x0000000024000008        0x4 Core/Src/system_stm32h7xx.o
                0x0000000024000008                SystemD2Clock
 .data.uwTickPrio
                0x000000002400000c        0x4 Drivers/STM32H7xx_HAL_Driver/Src/stm32h7xx_hal.o
                0x000000002400000c                uwTickPrio
 .data.uwTickFreq
                0x0000000024000010        0x1 Drivers/STM32H7xx_HAL_Driver/Src/stm32h7xx_hal.o
                0x0000000024000010                uwTickFreq
 *fill*         0x0000000024000011        0x3 
 .data._ZN10__cxxabiv119__terminate_handlerE
                0x0000000024000014        0x4 c:/st/stm32cubeide_1.5.1/stm32cubeide/plugins/com.st.stm32cube.ide.mcu.externaltools.gnu-tools-for-stm32.9-2020-q2-update.win32_1.5.0.202011040924/tools/bin/../lib/gcc/arm-none-eabi/9.3.1/../../../../arm-none-eabi/lib/thumb/v7e-m+dp/hard\libstdc++_nano.a(eh_term_handler.o)
                0x0000000024000014                __cxxabiv1::__terminate_handler
 .data.__fdlib_version
                0x0000000024000018        0x1 c:/st/stm32cubeide_1.5.1/stm32cubeide/plugins/com.st.stm32cube.ide.mcu.externaltools.gnu-tools-for-stm32.9-2020-q2-update.win32_1.5.0.202011040924/tools/bin/../lib/gcc/arm-none-eabi/9.3.1/../../../../arm-none-eabi/lib/thumb/v7e-m+dp/hard\libm.a(lib_a-s_lib_ver.o)
                0x0000000024000018                __fdlib_version
 *fill*         0x0000000024000019        0x3 
 .data._impure_ptr
                0x000000002400001c        0x4 c:/st/stm32cubeide_1.5.1/stm32cubeide/plugins/com.st.stm32cube.ide.mcu.externaltools.gnu-tools-for-stm32.9-2020-q2-update.win32_1.5.0.202011040924/tools/bin/../lib/gcc/arm-none-eabi/9.3.1/../../../../arm-none-eabi/lib/thumb/v7e-m+dp/hard\libc_nano.a(lib_a-impure.o)
                0x000000002400001c                _impure_ptr
 .data.impure_data
                0x0000000024000020       0x60 c:/st/stm32cubeide_1.5.1/stm32cubeide/plugins/com.st.stm32cube.ide.mcu.externaltools.gnu-tools-for-stm32.9-2020-q2-update.win32_1.5.0.202011040924/tools/bin/../lib/gcc/arm-none-eabi/9.3.1/../../../../arm-none-eabi/lib/thumb/v7e-m+dp/hard\libc_nano.a(lib_a-impure.o)
                0x0000000024000080                . = ALIGN (0x4)
                0x0000000024000080                _edata = .

.igot.plt       0x0000000024000080        0x0 load address 0x000000000800b53c
 .igot.plt      0x0000000024000080        0x0 c:/st/stm32cubeide_1.5.1/stm32cubeide/plugins/com.st.stm32cube.ide.mcu.externaltools.gnu-tools-for-stm32.9-2020-q2-update.win32_1.5.0.202011040924/tools/bin/../lib/gcc/arm-none-eabi/9.3.1/thumb/v7e-m+dp/hard/crtbegin.o
                0x0000000024000080                . = ALIGN (0x4)

.bss            0x0000000024000080      0x350 load address 0x000000000800b53c
                0x0000000024000080                _sbss = .
                0x0000000024000080                __bss_start__ = _sbss
 *(.bss)
 .bss           0x0000000024000080       0x1c c:/st/stm32cubeide_1.5.1/stm32cubeide/plugins/com.st.stm32cube.ide.mcu.externaltools.gnu-tools-for-stm32.9-2020-q2-update.win32_1.5.0.202011040924/tools/bin/../lib/gcc/arm-none-eabi/9.3.1/thumb/v7e-m+dp/hard/crtbegin.o
 *(.bss*)
 .bss.hadc1     0x000000002400009c       0x64 Core/Src/main.o
                0x000000002400009c                hadc1
 .bss.hadc3     0x0000000024000100       0x64 Core/Src/main.o
                0x0000000024000100                hadc3
 .bss.htim1     0x0000000024000164       0x4c Core/Src/main.o
                0x0000000024000164                htim1
 .bss.motor     0x00000000240001b0      0x154 Core/Src/main.o
                0x00000000240001b0                motor
 .bss.driver    0x0000000024000304       0x2c Core/Src/main.o
                0x0000000024000304                driver
 .bss.encoder   0x0000000024000330       0x48 Core/Src/main.o
                0x0000000024000330                encoder
 .bss.current_sense
                0x0000000024000378       0x50 Core/Src/main.o
                0x0000000024000378                current_sense
 *(COMMON)
 COMMON         0x00000000240003c8        0x4 Drivers/STM32H7xx_HAL_Driver/Src/stm32h7xx_hal.o
                0x00000000240003c8                uwTick
 COMMON         0x00000000240003cc        0x4 c:/st/stm32cubeide_1.5.1/stm32cubeide/plugins/com.st.stm32cube.ide.mcu.externaltools.gnu-tools-for-stm32.9-2020-q2-update.win32_1.5.0.202011040924/tools/bin/../lib/gcc/arm-none-eabi/9.3.1/../../../../arm-none-eabi/lib/thumb/v7e-m+dp/hard\libc_nano.a(lib_a-reent.o)
                0x00000000240003cc                errno
                0x00000000240003d0                . = ALIGN (0x4)
                0x00000000240003d0                _ebss = .
                0x00000000240003d0                __bss_end__ = _ebss

._user_heap_stack
                0x00000000240003d0      0x600 load address 0x000000000800b53c
                0x00000000240003d0                . = ALIGN (0x8)
                [!provide]                        PROVIDE (end = .)
                0x00000000240003d0                PROVIDE (_end = .)
                0x00000000240005d0                . = (. + _Min_Heap_Size)
 *fill*         0x00000000240003d0      0x200 
                0x00000000240009d0                . = (. + _Min_Stack_Size)
 *fill*         0x00000000240005d0      0x400 
                0x00000000240009d0                . = ALIGN (0x8)

/DISCARD/
 libc.a(*)
 libm.a(*)
 libgcc.a(*)

.ARM.attributes
                0x0000000000000000       0x2e
 *(.ARM.attributes)
 .ARM.attributes
                0x0000000000000000       0x1e c:/st/stm32cubeide_1.5.1/stm32cubeide/plugins/com.st.stm32cube.ide.mcu.externaltools.gnu-tools-for-stm32.9-2020-q2-update.win32_1.5.0.202011040924/tools/bin/../lib/gcc/arm-none-eabi/9.3.1/thumb/v7e-m+dp/hard/crti.o
 .ARM.attributes
                0x000000000000001e       0x32 c:/st/stm32cubeide_1.5.1/stm32cubeide/plugins/com.st.stm32cube.ide.mcu.externaltools.gnu-tools-for-stm32.9-2020-q2-update.win32_1.5.0.202011040924/tools/bin/../lib/gcc/arm-none-eabi/9.3.1/thumb/v7e-m+dp/hard/crtbegin.o
 .ARM.attributes
                0x0000000000000050       0x32 Core/Src/BLDCMotor.o
 .ARM.attributes
                0x0000000000000082       0x32 Core/Src/main.o
 .ARM.attributes
                0x00000000000000b4       0x32 Core/Src/stm32h7xx_hal_msp.o
 .ARM.attributes
                0x00000000000000e6       0x32 Core/Src/stm32h7xx_it.o
 .ARM.attributes
                0x0000000000000118       0x32 Core/Src/syscalls.o
 .ARM.attributes
                0x000000000000014a       0x32 Core/Src/system_stm32h7xx.o
 .ARM.attributes
                0x000000000000017c       0x32 Core/Src/common/base_classes/CurrentSense.o
 .ARM.attributes
                0x00000000000001ae       0x32 Core/Src/common/base_classes/FOCMotor.o
 .ARM.attributes
                0x00000000000001e0       0x32 Core/Src/common/base_classes/Sensor.o
 .ARM.attributes
                0x0000000000000212       0x32 Core/Src/common/foc_utils.o
 .ARM.attributes
                0x0000000000000244       0x32 Core/Src/common/lowpass_filter.o
 .ARM.attributes
                0x0000000000000276       0x32 Core/Src/common/pid.o
 .ARM.attributes
                0x00000000000002a8       0x32 Core/Src/common/time_utils.o
 .ARM.attributes
                0x00000000000002da       0x32 Core/Src/current_sense/InlineCurrentSense.o
 .ARM.attributes
                0x000000000000030c       0x32 Core/Src/current_sense/hardware_api.o
 .ARM.attributes
                0x000000000000033e       0x32 Core/Src/motor_drivers/BLDCDriver3PWM.o
 .ARM.attributes
                0x0000000000000370       0x32 Core/Src/sensors/Encoder.o
 .ARM.attributes
                0x00000000000003a2       0x21 Core/Startup/startup_stm32h743zitx.o
 .ARM.attributes
                0x00000000000003c3       0x32 Drivers/STM32H7xx_HAL_Driver/Src/stm32h7xx_hal.o
 .ARM.attributes
                0x00000000000003f5       0x32 Drivers/STM32H7xx_HAL_Driver/Src/stm32h7xx_hal_adc.o
 .ARM.attributes
                0x0000000000000427       0x32 Drivers/STM32H7xx_HAL_Driver/Src/stm32h7xx_hal_adc_ex.o
 .ARM.attributes
                0x0000000000000459       0x32 Drivers/STM32H7xx_HAL_Driver/Src/stm32h7xx_hal_cortex.o
 .ARM.attributes
                0x000000000000048b       0x32 Drivers/STM32H7xx_HAL_Driver/Src/stm32h7xx_hal_gpio.o
 .ARM.attributes
                0x00000000000004bd       0x32 Drivers/STM32H7xx_HAL_Driver/Src/stm32h7xx_hal_pwr_ex.o
 .ARM.attributes
                0x00000000000004ef       0x32 Drivers/STM32H7xx_HAL_Driver/Src/stm32h7xx_hal_rcc.o
 .ARM.attributes
                0x0000000000000521       0x32 Drivers/STM32H7xx_HAL_Driver/Src/stm32h7xx_hal_rcc_ex.o
 .ARM.attributes
                0x0000000000000553       0x32 Drivers/STM32H7xx_HAL_Driver/Src/stm32h7xx_hal_tim.o
 .ARM.attributes
                0x0000000000000585       0x32 Drivers/STM32H7xx_HAL_Driver/Src/stm32h7xx_hal_tim_ex.o
 .ARM.attributes
                0x00000000000005b7       0x32 c:/st/stm32cubeide_1.5.1/stm32cubeide/plugins/com.st.stm32cube.ide.mcu.externaltools.gnu-tools-for-stm32.9-2020-q2-update.win32_1.5.0.202011040924/tools/bin/../lib/gcc/arm-none-eabi/9.3.1/../../../../arm-none-eabi/lib/thumb/v7e-m+dp/hard\libstdc++_nano.a(pure.o)
 .ARM.attributes
                0x00000000000005e9       0x32 c:/st/stm32cubeide_1.5.1/stm32cubeide/plugins/com.st.stm32cube.ide.mcu.externaltools.gnu-tools-for-stm32.9-2020-q2-update.win32_1.5.0.202011040924/tools/bin/../lib/gcc/arm-none-eabi/9.3.1/../../../../arm-none-eabi/lib/thumb/v7e-m+dp/hard\libstdc++_nano.a(eh_terminate.o)
 .ARM.attributes
                0x000000000000061b       0x30 c:/st/stm32cubeide_1.5.1/stm32cubeide/plugins/com.st.stm32cube.ide.mcu.externaltools.gnu-tools-for-stm32.9-2020-q2-update.win32_1.5.0.202011040924/tools/bin/../lib/gcc/arm-none-eabi/9.3.1/../../../../arm-none-eabi/lib/thumb/v7e-m+dp/hard\libstdc++_nano.a(eh_term_handler.o)
 .ARM.attributes
                0x000000000000064b       0x32 c:/st/stm32cubeide_1.5.1/stm32cubeide/plugins/com.st.stm32cube.ide.mcu.externaltools.gnu-tools-for-stm32.9-2020-q2-update.win32_1.5.0.202011040924/tools/bin/../lib/gcc/arm-none-eabi/9.3.1/../../../../arm-none-eabi/lib/thumb/v7e-m+dp/hard\libm.a(lib_a-s_floor.o)
 .ARM.attributes
                0x000000000000067d       0x32 c:/st/stm32cubeide_1.5.1/stm32cubeide/plugins/com.st.stm32cube.ide.mcu.externaltools.gnu-tools-for-stm32.9-2020-q2-update.win32_1.5.0.202011040924/tools/bin/../lib/gcc/arm-none-eabi/9.3.1/../../../../arm-none-eabi/lib/thumb/v7e-m+dp/hard\libm.a(lib_a-s_round.o)
 .ARM.attributes
                0x00000000000006af       0x32 c:/st/stm32cubeide_1.5.1/stm32cubeide/plugins/com.st.stm32cube.ide.mcu.externaltools.gnu-tools-for-stm32.9-2020-q2-update.win32_1.5.0.202011040924/tools/bin/../lib/gcc/arm-none-eabi/9.3.1/../../../../arm-none-eabi/lib/thumb/v7e-m+dp/hard\libm.a(lib_a-w_fmod.o)
 .ARM.attributes
                0x00000000000006e1       0x32 c:/st/stm32cubeide_1.5.1/stm32cubeide/plugins/com.st.stm32cube.ide.mcu.externaltools.gnu-tools-for-stm32.9-2020-q2-update.win32_1.5.0.202011040924/tools/bin/../lib/gcc/arm-none-eabi/9.3.1/../../../../arm-none-eabi/lib/thumb/v7e-m+dp/hard\libm.a(lib_a-wf_atan2.o)
 .ARM.attributes
                0x0000000000000713       0x32 c:/st/stm32cubeide_1.5.1/stm32cubeide/plugins/com.st.stm32cube.ide.mcu.externaltools.gnu-tools-for-stm32.9-2020-q2-update.win32_1.5.0.202011040924/tools/bin/../lib/gcc/arm-none-eabi/9.3.1/../../../../arm-none-eabi/lib/thumb/v7e-m+dp/hard\libm.a(lib_a-e_fmod.o)
 .ARM.attributes
                0x0000000000000745       0x32 c:/st/stm32cubeide_1.5.1/stm32cubeide/plugins/com.st.stm32cube.ide.mcu.externaltools.gnu-tools-for-stm32.9-2020-q2-update.win32_1.5.0.202011040924/tools/bin/../lib/gcc/arm-none-eabi/9.3.1/../../../../arm-none-eabi/lib/thumb/v7e-m+dp/hard\libm.a(lib_a-ef_atan2.o)
 .ARM.attributes
                0x0000000000000777       0x30 c:/st/stm32cubeide_1.5.1/stm32cubeide/plugins/com.st.stm32cube.ide.mcu.externaltools.gnu-tools-for-stm32.9-2020-q2-update.win32_1.5.0.202011040924/tools/bin/../lib/gcc/arm-none-eabi/9.3.1/../../../../arm-none-eabi/lib/thumb/v7e-m+dp/hard\libm.a(lib_a-s_lib_ver.o)
 .ARM.attributes
                0x00000000000007a7       0x32 c:/st/stm32cubeide_1.5.1/stm32cubeide/plugins/com.st.stm32cube.ide.mcu.externaltools.gnu-tools-for-stm32.9-2020-q2-update.win32_1.5.0.202011040924/tools/bin/../lib/gcc/arm-none-eabi/9.3.1/../../../../arm-none-eabi/lib/thumb/v7e-m+dp/hard\libm.a(lib_a-sf_atan.o)
 .ARM.attributes
                0x00000000000007d9       0x32 c:/st/stm32cubeide_1.5.1/stm32cubeide/plugins/com.st.stm32cube.ide.mcu.externaltools.gnu-tools-for-stm32.9-2020-q2-update.win32_1.5.0.202011040924/tools/bin/../lib/gcc/arm-none-eabi/9.3.1/../../../../arm-none-eabi/lib/thumb/v7e-m+dp/hard\libm.a(lib_a-sf_fabs.o)
 .ARM.attributes
                0x000000000000080b       0x32 c:/st/stm32cubeide_1.5.1/stm32cubeide/plugins/com.st.stm32cube.ide.mcu.externaltools.gnu-tools-for-stm32.9-2020-q2-update.win32_1.5.0.202011040924/tools/bin/../lib/gcc/arm-none-eabi/9.3.1/../../../../arm-none-eabi/lib/thumb/v7e-m+dp/hard\libc_nano.a(lib_a-abort.o)
 .ARM.attributes
                0x000000000000083d       0x32 c:/st/stm32cubeide_1.5.1/stm32cubeide/plugins/com.st.stm32cube.ide.mcu.externaltools.gnu-tools-for-stm32.9-2020-q2-update.win32_1.5.0.202011040924/tools/bin/../lib/gcc/arm-none-eabi/9.3.1/../../../../arm-none-eabi/lib/thumb/v7e-m+dp/hard\libc_nano.a(lib_a-errno.o)
 .ARM.attributes
                0x000000000000086f       0x30 c:/st/stm32cubeide_1.5.1/stm32cubeide/plugins/com.st.stm32cube.ide.mcu.externaltools.gnu-tools-for-stm32.9-2020-q2-update.win32_1.5.0.202011040924/tools/bin/../lib/gcc/arm-none-eabi/9.3.1/../../../../arm-none-eabi/lib/thumb/v7e-m+dp/hard\libc_nano.a(lib_a-impure.o)
 .ARM.attributes
                0x000000000000089f       0x32 c:/st/stm32cubeide_1.5.1/stm32cubeide/plugins/com.st.stm32cube.ide.mcu.externaltools.gnu-tools-for-stm32.9-2020-q2-update.win32_1.5.0.202011040924/tools/bin/../lib/gcc/arm-none-eabi/9.3.1/../../../../arm-none-eabi/lib/thumb/v7e-m+dp/hard\libc_nano.a(lib_a-init.o)
 .ARM.attributes
                0x00000000000008d1       0x32 c:/st/stm32cubeide_1.5.1/stm32cubeide/plugins/com.st.stm32cube.ide.mcu.externaltools.gnu-tools-for-stm32.9-2020-q2-update.win32_1.5.0.202011040924/tools/bin/../lib/gcc/arm-none-eabi/9.3.1/../../../../arm-none-eabi/lib/thumb/v7e-m+dp/hard\libc_nano.a(lib_a-memset.o)
 .ARM.attributes
                0x0000000000000903       0x32 c:/st/stm32cubeide_1.5.1/stm32cubeide/plugins/com.st.stm32cube.ide.mcu.externaltools.gnu-tools-for-stm32.9-2020-q2-update.win32_1.5.0.202011040924/tools/bin/../lib/gcc/arm-none-eabi/9.3.1/../../../../arm-none-eabi/lib/thumb/v7e-m+dp/hard\libc_nano.a(lib_a-signal.o)
 .ARM.attributes
                0x0000000000000935       0x32 c:/st/stm32cubeide_1.5.1/stm32cubeide/plugins/com.st.stm32cube.ide.mcu.externaltools.gnu-tools-for-stm32.9-2020-q2-update.win32_1.5.0.202011040924/tools/bin/../lib/gcc/arm-none-eabi/9.3.1/../../../../arm-none-eabi/lib/thumb/v7e-m+dp/hard\libc_nano.a(lib_a-signalr.o)
 .ARM.attributes
                0x0000000000000967       0x32 c:/st/stm32cubeide_1.5.1/stm32cubeide/plugins/com.st.stm32cube.ide.mcu.externaltools.gnu-tools-for-stm32.9-2020-q2-update.win32_1.5.0.202011040924/tools/bin/../lib/gcc/arm-none-eabi/9.3.1/../../../../arm-none-eabi/lib/thumb/v7e-m+dp/hard\libc_nano.a(lib_a-reent.o)
 .ARM.attributes
                0x0000000000000999       0x1e c:/st/stm32cubeide_1.5.1/stm32cubeide/plugins/com.st.stm32cube.ide.mcu.externaltools.gnu-tools-for-stm32.9-2020-q2-update.win32_1.5.0.202011040924/tools/bin/../lib/gcc/arm-none-eabi/9.3.1/thumb/v7e-m+dp/hard/crtn.o
OUTPUT(STM32_SimpleFOC_InlineCurrentSense.elf elf32-littlearm)
LOAD linker stubs
LOAD c:/st/stm32cubeide_1.5.1/stm32cubeide/plugins/com.st.stm32cube.ide.mcu.externaltools.gnu-tools-for-stm32.9-2020-q2-update.win32_1.5.0.202011040924/tools/bin/../lib/gcc/arm-none-eabi/9.3.1/../../../../arm-none-eabi/lib/thumb/v7e-m+dp/hard\libc.a
LOAD c:/st/stm32cubeide_1.5.1/stm32cubeide/plugins/com.st.stm32cube.ide.mcu.externaltools.gnu-tools-for-stm32.9-2020-q2-update.win32_1.5.0.202011040924/tools/bin/../lib/gcc/arm-none-eabi/9.3.1/../../../../arm-none-eabi/lib/thumb/v7e-m+dp/hard\libm.a
LOAD c:/st/stm32cubeide_1.5.1/stm32cubeide/plugins/com.st.stm32cube.ide.mcu.externaltools.gnu-tools-for-stm32.9-2020-q2-update.win32_1.5.0.202011040924/tools/bin/../lib/gcc/arm-none-eabi/9.3.1/thumb/v7e-m+dp/hard\libgcc.a

.debug_info     0x0000000000000000    0x347f6
 .debug_info    0x0000000000000000     0x3819 Core/Src/BLDCMotor.o
 .debug_info    0x0000000000003819     0x54b9 Core/Src/main.o
 .debug_info    0x0000000000008cd2     0x20ce Core/Src/stm32h7xx_hal_msp.o
 .debug_info    0x000000000000ada0      0xc1e Core/Src/stm32h7xx_it.o
 .debug_info    0x000000000000b9be      0xfb4 Core/Src/syscalls.o
 .debug_info    0x000000000000c972     0x1748 Core/Src/system_stm32h7xx.o
 .debug_info    0x000000000000e0ba      0x2d7 Core/Src/common/base_classes/CurrentSense.o
 .debug_info    0x000000000000e391      0x89c Core/Src/common/base_classes/FOCMotor.o
 .debug_info    0x000000000000ec2d      0x200 Core/Src/common/base_classes/Sensor.o
 .debug_info    0x000000000000ee2d     0x29c1 Core/Src/common/foc_utils.o
 .debug_info    0x00000000000117ee      0x1ac Core/Src/common/lowpass_filter.o
 .debug_info    0x000000000001199a      0x28a Core/Src/common/pid.o
 .debug_info    0x0000000000011c24     0x296a Core/Src/common/time_utils.o
 .debug_info    0x000000000001458e     0x2f06 Core/Src/current_sense/InlineCurrentSense.o
 .debug_info    0x0000000000017494     0x2997 Core/Src/current_sense/hardware_api.o
 .debug_info    0x0000000000019e2b     0x2edd Core/Src/motor_drivers/BLDCDriver3PWM.o
 .debug_info    0x000000000001cd08     0x2ff6 Core/Src/sensors/Encoder.o
 .debug_info    0x000000000001fcfe       0x22 Core/Startup/startup_stm32h743zitx.o
 .debug_info    0x000000000001fd20     0x1faa Drivers/STM32H7xx_HAL_Driver/Src/stm32h7xx_hal.o
 .debug_info    0x0000000000021cca     0x277a Drivers/STM32H7xx_HAL_Driver/Src/stm32h7xx_hal_adc.o
 .debug_info    0x0000000000024444     0x283d Drivers/STM32H7xx_HAL_Driver/Src/stm32h7xx_hal_adc_ex.o
 .debug_info    0x0000000000026c81     0x1bd4 Drivers/STM32H7xx_HAL_Driver/Src/stm32h7xx_hal_cortex.o
 .debug_info    0x0000000000028855     0x17af Drivers/STM32H7xx_HAL_Driver/Src/stm32h7xx_hal_gpio.o
 .debug_info    0x000000000002a004     0x1a6c Drivers/STM32H7xx_HAL_Driver/Src/stm32h7xx_hal_pwr_ex.o
 .debug_info    0x000000000002ba70     0x192a Drivers/STM32H7xx_HAL_Driver/Src/stm32h7xx_hal_rcc.o
 .debug_info    0x000000000002d39a     0x1cc2 Drivers/STM32H7xx_HAL_Driver/Src/stm32h7xx_hal_rcc_ex.o
 .debug_info    0x000000000002f05c     0x3632 Drivers/STM32H7xx_HAL_Driver/Src/stm32h7xx_hal_tim.o
 .debug_info    0x000000000003268e     0x2168 Drivers/STM32H7xx_HAL_Driver/Src/stm32h7xx_hal_tim_ex.o

.debug_abbrev   0x0000000000000000     0x565d
 .debug_abbrev  0x0000000000000000      0x604 Core/Src/BLDCMotor.o
 .debug_abbrev  0x0000000000000604      0x62e Core/Src/main.o
 .debug_abbrev  0x0000000000000c32      0x2ca Core/Src/stm32h7xx_hal_msp.o
 .debug_abbrev  0x0000000000000efc      0x1ef Core/Src/stm32h7xx_it.o
 .debug_abbrev  0x00000000000010eb      0x297 Core/Src/syscalls.o
 .debug_abbrev  0x0000000000001382      0x262 Core/Src/system_stm32h7xx.o
 .debug_abbrev  0x00000000000015e4      0x185 Core/Src/common/base_classes/CurrentSense.o
 .debug_abbrev  0x0000000000001769      0x279 Core/Src/common/base_classes/FOCMotor.o
 .debug_abbrev  0x00000000000019e2      0x153 Core/Src/common/base_classes/Sensor.o
 .debug_abbrev  0x0000000000001b35      0x393 Core/Src/common/foc_utils.o
 .debug_abbrev  0x0000000000001ec8      0x168 Core/Src/common/lowpass_filter.o
 .debug_abbrev  0x0000000000002030      0x177 Core/Src/common/pid.o
 .debug_abbrev  0x00000000000021a7      0x321 Core/Src/common/time_utils.o
 .debug_abbrev  0x00000000000024c8      0x4e4 Core/Src/current_sense/InlineCurrentSense.o
 .debug_abbrev  0x00000000000029ac      0x347 Core/Src/current_sense/hardware_api.o
 .debug_abbrev  0x0000000000002cf3      0x484 Core/Src/motor_drivers/BLDCDriver3PWM.o
 .debug_abbrev  0x0000000000003177      0x50a Core/Src/sensors/Encoder.o
 .debug_abbrev  0x0000000000003681       0x12 Core/Startup/startup_stm32h743zitx.o
 .debug_abbrev  0x0000000000003693      0x31b Drivers/STM32H7xx_HAL_Driver/Src/stm32h7xx_hal.o
 .debug_abbrev  0x00000000000039ae      0x306 Drivers/STM32H7xx_HAL_Driver/Src/stm32h7xx_hal_adc.o
 .debug_abbrev  0x0000000000003cb4      0x34c Drivers/STM32H7xx_HAL_Driver/Src/stm32h7xx_hal_adc_ex.o
 .debug_abbrev  0x0000000000004000      0x409 Drivers/STM32H7xx_HAL_Driver/Src/stm32h7xx_hal_cortex.o
 .debug_abbrev  0x0000000000004409      0x2cb Drivers/STM32H7xx_HAL_Driver/Src/stm32h7xx_hal_gpio.o
 .debug_abbrev  0x00000000000046d4      0x350 Drivers/STM32H7xx_HAL_Driver/Src/stm32h7xx_hal_pwr_ex.o
 .debug_abbrev  0x0000000000004a24      0x322 Drivers/STM32H7xx_HAL_Driver/Src/stm32h7xx_hal_rcc.o
 .debug_abbrev  0x0000000000004d46      0x31d Drivers/STM32H7xx_HAL_Driver/Src/stm32h7xx_hal_rcc_ex.o
 .debug_abbrev  0x0000000000005063      0x2f9 Drivers/STM32H7xx_HAL_Driver/Src/stm32h7xx_hal_tim.o
 .debug_abbrev  0x000000000000535c      0x301 Drivers/STM32H7xx_HAL_Driver/Src/stm32h7xx_hal_tim_ex.o

.debug_aranges  0x0000000000000000     0x1500
 .debug_aranges
                0x0000000000000000       0xb0 Core/Src/BLDCMotor.o
 .debug_aranges
                0x00000000000000b0       0x98 Core/Src/main.o
 .debug_aranges
                0x0000000000000148       0x48 Core/Src/stm32h7xx_hal_msp.o
 .debug_aranges
                0x0000000000000190       0x70 Core/Src/stm32h7xx_it.o
 .debug_aranges
                0x0000000000000200       0xa8 Core/Src/syscalls.o
 .debug_aranges
                0x00000000000002a8       0x28 Core/Src/system_stm32h7xx.o
 .debug_aranges
                0x00000000000002d0       0x28 Core/Src/common/base_classes/CurrentSense.o
 .debug_aranges
                0x00000000000002f8       0x48 Core/Src/common/base_classes/FOCMotor.o
 .debug_aranges
                0x0000000000000340       0x30 Core/Src/common/base_classes/Sensor.o
 .debug_aranges
                0x0000000000000370       0x48 Core/Src/common/foc_utils.o
 .debug_aranges
                0x00000000000003b8       0x28 Core/Src/common/lowpass_filter.o
 .debug_aranges
                0x00000000000003e0       0x28 Core/Src/common/pid.o
 .debug_aranges
                0x0000000000000408       0x28 Core/Src/common/time_utils.o
 .debug_aranges
                0x0000000000000430       0x58 Core/Src/current_sense/InlineCurrentSense.o
 .debug_aranges
                0x0000000000000488       0x28 Core/Src/current_sense/hardware_api.o
 .debug_aranges
                0x00000000000004b0       0x48 Core/Src/motor_drivers/BLDCDriver3PWM.o
 .debug_aranges
                0x00000000000004f8       0x70 Core/Src/sensors/Encoder.o
 .debug_aranges
                0x0000000000000568       0x28 Core/Startup/startup_stm32h743zitx.o
 .debug_aranges
                0x0000000000000590      0x1b8 Drivers/STM32H7xx_HAL_Driver/Src/stm32h7xx_hal.o
 .debug_aranges
                0x0000000000000748      0x228 Drivers/STM32H7xx_HAL_Driver/Src/stm32h7xx_hal_adc.o
 .debug_aranges
                0x0000000000000970      0x1d8 Drivers/STM32H7xx_HAL_Driver/Src/stm32h7xx_hal_adc_ex.o
 .debug_aranges
                0x0000000000000b48      0x120 Drivers/STM32H7xx_HAL_Driver/Src/stm32h7xx_hal_cortex.o
 .debug_aranges
                0x0000000000000c68       0x58 Drivers/STM32H7xx_HAL_Driver/Src/stm32h7xx_hal_gpio.o
 .debug_aranges
                0x0000000000000cc0      0x158 Drivers/STM32H7xx_HAL_Driver/Src/stm32h7xx_hal_pwr_ex.o
 .debug_aranges
                0x0000000000000e18       0x88 Drivers/STM32H7xx_HAL_Driver/Src/stm32h7xx_hal_rcc.o
 .debug_aranges
                0x0000000000000ea0       0xf8 Drivers/STM32H7xx_HAL_Driver/Src/stm32h7xx_hal_rcc_ex.o
 .debug_aranges
                0x0000000000000f98      0x3e0 Drivers/STM32H7xx_HAL_Driver/Src/stm32h7xx_hal_tim.o
 .debug_aranges
                0x0000000000001378      0x188 Drivers/STM32H7xx_HAL_Driver/Src/stm32h7xx_hal_tim_ex.o

.debug_ranges   0x0000000000000000     0x1348
 .debug_ranges  0x0000000000000000       0xa0 Core/Src/BLDCMotor.o
 .debug_ranges  0x00000000000000a0       0x88 Core/Src/main.o
 .debug_ranges  0x0000000000000128       0x38 Core/Src/stm32h7xx_hal_msp.o
 .debug_ranges  0x0000000000000160       0x60 Core/Src/stm32h7xx_it.o
 .debug_ranges  0x00000000000001c0       0x98 Core/Src/syscalls.o
 .debug_ranges  0x0000000000000258       0x18 Core/Src/system_stm32h7xx.o
 .debug_ranges  0x0000000000000270       0x18 Core/Src/common/base_classes/CurrentSense.o
 .debug_ranges  0x0000000000000288       0x38 Core/Src/common/base_classes/FOCMotor.o
 .debug_ranges  0x00000000000002c0       0x20 Core/Src/common/base_classes/Sensor.o
 .debug_ranges  0x00000000000002e0       0x38 Core/Src/common/foc_utils.o
 .debug_ranges  0x0000000000000318       0x18 Core/Src/common/lowpass_filter.o
 .debug_ranges  0x0000000000000330       0x18 Core/Src/common/pid.o
 .debug_ranges  0x0000000000000348       0x18 Core/Src/common/time_utils.o
 .debug_ranges  0x0000000000000360       0x48 Core/Src/current_sense/InlineCurrentSense.o
 .debug_ranges  0x00000000000003a8       0x18 Core/Src/current_sense/hardware_api.o
 .debug_ranges  0x00000000000003c0       0x38 Core/Src/motor_drivers/BLDCDriver3PWM.o
 .debug_ranges  0x00000000000003f8       0x60 Core/Src/sensors/Encoder.o
 .debug_ranges  0x0000000000000458       0x20 Core/Startup/startup_stm32h743zitx.o
 .debug_ranges  0x0000000000000478      0x1a8 Drivers/STM32H7xx_HAL_Driver/Src/stm32h7xx_hal.o
 .debug_ranges  0x0000000000000620      0x218 Drivers/STM32H7xx_HAL_Driver/Src/stm32h7xx_hal_adc.o
 .debug_ranges  0x0000000000000838      0x1c8 Drivers/STM32H7xx_HAL_Driver/Src/stm32h7xx_hal_adc_ex.o
 .debug_ranges  0x0000000000000a00      0x110 Drivers/STM32H7xx_HAL_Driver/Src/stm32h7xx_hal_cortex.o
 .debug_ranges  0x0000000000000b10       0x48 Drivers/STM32H7xx_HAL_Driver/Src/stm32h7xx_hal_gpio.o
 .debug_ranges  0x0000000000000b58      0x148 Drivers/STM32H7xx_HAL_Driver/Src/stm32h7xx_hal_pwr_ex.o