main.cpp:75:6:void _writeDutyCycle3PWM(float, float, float, int, int, int)	40	static
main.cpp:83:7:float _readADCVoltage_pinA()	16	static
main.cpp:99:7:float _readADCVoltage_pinB()	16	static
main.cpp:113:5:int _calibrate_phaseA()	16	static
main.cpp:127:5:int _calibrate_phaseB()	16	static
main.cpp:147:5:int main()	72	static
main.cpp:455:6:void SystemClock_Config()	312	static
main.cpp:529:13:void MX_ADC1_Init()	48	static
main.cpp:594:13:void MX_ADC3_Init()	40	static
main.cpp:651:13:void MX_TIM1_Init()	96	static
main.cpp:729:13:void MX_TIM4_Init()	48	static
main.cpp:778:13:void MX_GPIO_Init()	64	static
main.cpp:854:6:void HAL_GPIO_EXTI_Callback(uint16_t)	16	static
main.cpp:883:6:void Error_Handler()	4	static,ignoring_inline_asm
main.cpp:892:1:void __static_initialization_and_destruction_0(int, int)	24	static
main.cpp:892:1:cpp)	8	static
